<?xml version="1.0" encoding="ISO-8859-1" ?>
<link_info>
   <banner>TMS320C2000 Linker PC v25.11.1.LTS</banner>
   <copyright>Copyright (c) 1996-2018 Texas Instruments Incorporated</copyright>
   <command_line>C:\ti\ccs2100\ccs\tools\compiler\ti-cgt-c2000_25.11.1.LTS\bin\lnk2000.exe -lC:\\Users\\62519\\AppData\\Local\\Temp\\{5B96DF5C-CAA9-4306-A018-93F1EA05F5E5}</command_line>
   <link_time>0x6a98d419</link_time>
   <link_errors>0x0</link_errors>
   <output_file>C:\Users\62519\workspace_ccstheia\28377d_driverlib_PRJ\RAM\28377d_driverlib_PRJ.out</output_file>
   <entry_point>
      <name>_c_int00</name>
      <address>0x8291</address>
   </entry_point>
   <input_file_list>
      <input_file id="fl-2">
         <path>C:\Users\62519\workspace_ccstheia\28377d_driverlib_PRJ\RAM\.\</path>
         <kind>object</kind>
         <file>main.obj</file>
         <name>main.obj</name>
      </input_file>
      <input_file id="fl-3">
         <path>C:\Users\62519\workspace_ccstheia\28377d_driverlib_PRJ\RAM\.\device\</path>
         <kind>object</kind>
         <file>F2837xD_CodeStartBranch.obj</file>
         <name>F2837xD_CodeStartBranch.obj</name>
      </input_file>
      <input_file id="fl-4">
         <path>C:\Users\62519\workspace_ccstheia\28377d_driverlib_PRJ\RAM\.\device\</path>
         <kind>object</kind>
         <file>device.obj</file>
         <name>device.obj</name>
      </input_file>
      <input_file id="fl-9">
         <path>C:\Users\62519\workspace_ccstheia\28377d_driverlib_PRJ\RAM\</path>
         <kind>object</kind>
         <file>&lt;internal&gt;</file>
         <name>&lt;internal&gt;</name>
      </input_file>
      <input_file id="fl-a">
         <path>C:\Users\62519\workspace_ccstheia\28377d_driverlib_PRJ\RAM\..\</path>
         <kind>archive</kind>
         <file>driverlib_eabi.lib</file>
         <name>gpio.obj</name>
      </input_file>
      <input_file id="fl-b">
         <path>C:\Users\62519\workspace_ccstheia\28377d_driverlib_PRJ\RAM\..\</path>
         <kind>archive</kind>
         <file>driverlib_eabi.lib</file>
         <name>interrupt.obj</name>
      </input_file>
      <input_file id="fl-c">
         <path>C:\Users\62519\workspace_ccstheia\28377d_driverlib_PRJ\RAM\..\</path>
         <kind>archive</kind>
         <file>driverlib_eabi.lib</file>
         <name>sysctl.obj</name>
      </input_file>
      <input_file id="fl-18">
         <path>C:\ti\ccs2100\ccs\tools\compiler\ti-cgt-c2000_25.11.1.LTS\lib\</path>
         <kind>archive</kind>
         <file>rts2800_fpu32_eabi.lib</file>
         <name>boot28.asm.obj</name>
      </input_file>
      <input_file id="fl-19">
         <path>C:\ti\ccs2100\ccs\tools\compiler\ti-cgt-c2000_25.11.1.LTS\lib\</path>
         <kind>archive</kind>
         <file>rts2800_fpu32_eabi.lib</file>
         <name>fs_div28.asm.obj</name>
      </input_file>
      <input_file id="fl-1a">
         <path>C:\ti\ccs2100\ccs\tools\compiler\ti-cgt-c2000_25.11.1.LTS\lib\</path>
         <kind>archive</kind>
         <file>rts2800_fpu32_eabi.lib</file>
         <name>pre_init.c.obj</name>
      </input_file>
      <input_file id="fl-1b">
         <path>C:\ti\ccs2100\ccs\tools\compiler\ti-cgt-c2000_25.11.1.LTS\lib\</path>
         <kind>archive</kind>
         <file>rts2800_fpu32_eabi.lib</file>
         <name>autoinit.c.obj</name>
      </input_file>
      <input_file id="fl-1c">
         <path>C:\ti\ccs2100\ccs\tools\compiler\ti-cgt-c2000_25.11.1.LTS\lib\</path>
         <kind>archive</kind>
         <file>rts2800_fpu32_eabi.lib</file>
         <name>copy_zero_init.c.obj</name>
      </input_file>
      <input_file id="fl-1d">
         <path>C:\ti\ccs2100\ccs\tools\compiler\ti-cgt-c2000_25.11.1.LTS\lib\</path>
         <kind>archive</kind>
         <file>rts2800_fpu32_eabi.lib</file>
         <name>copy_decompress_none.c.obj</name>
      </input_file>
      <input_file id="fl-1e">
         <path>C:\ti\ccs2100\ccs\tools\compiler\ti-cgt-c2000_25.11.1.LTS\lib\</path>
         <kind>archive</kind>
         <file>rts2800_fpu32_eabi.lib</file>
         <name>copy_decompress_lzss.c.obj</name>
      </input_file>
      <input_file id="fl-1f">
         <path>C:\ti\ccs2100\ccs\tools\compiler\ti-cgt-c2000_25.11.1.LTS\lib\</path>
         <kind>archive</kind>
         <file>rts2800_fpu32_eabi.lib</file>
         <name>exit.c.obj</name>
      </input_file>
      <input_file id="fl-20">
         <path>C:\ti\ccs2100\ccs\tools\compiler\ti-cgt-c2000_25.11.1.LTS\lib\</path>
         <kind>archive</kind>
         <file>rts2800_fpu32_eabi.lib</file>
         <name>_lock.c.obj</name>
      </input_file>
      <input_file id="fl-21">
         <path>C:\ti\ccs2100\ccs\tools\compiler\ti-cgt-c2000_25.11.1.LTS\lib\</path>
         <kind>archive</kind>
         <file>rts2800_fpu32_eabi.lib</file>
         <name>args_main.c.obj</name>
      </input_file>
      <input_file id="fl-22">
         <path>C:\ti\ccs2100\ccs\tools\compiler\ti-cgt-c2000_25.11.1.LTS\lib\</path>
         <kind>archive</kind>
         <file>rts2800_fpu32_eabi.lib</file>
         <name>memset.c.obj</name>
      </input_file>
      <input_file id="fl-23">
         <path>C:\ti\ccs2100\ccs\tools\compiler\ti-cgt-c2000_25.11.1.LTS\lib\</path>
         <kind>archive</kind>
         <file>rts2800_fpu32_eabi.lib</file>
         <name>cpy_tbl.c.obj</name>
      </input_file>
      <input_file id="fl-24">
         <path>C:\ti\ccs2100\ccs\tools\compiler\ti-cgt-c2000_25.11.1.LTS\lib\</path>
         <kind>archive</kind>
         <file>rts2800_fpu32_eabi.lib</file>
         <name>memcpy.c.obj</name>
      </input_file>
      <input_file id="fl-25">
         <path>C:\ti\ccs2100\ccs\tools\compiler\ti-cgt-c2000_25.11.1.LTS\lib\</path>
         <kind>archive</kind>
         <file>rts2800_fpu32_eabi.lib</file>
         <name>startup.c.obj</name>
      </input_file>
   </input_file_list>
   <object_component_list>
      <object_component id="oc-32">
         <name>codestart</name>
         <load_address>0x0</load_address>
         <readonly>true</readonly>
         <executable>true</executable>
         <run_address>0x0</run_address>
         <size>0x2</size>
         <alignment>0x1</alignment>
         <input_file_ref idref="fl-3"/>
      </object_component>
      <object_component id="oc-c8">
         <name>.text</name>
         <load_address>0x8000</load_address>
         <readonly>true</readonly>
         <executable>true</executable>
         <run_address>0x8000</run_address>
         <size>0x46</size>
         <alignment>0x1</alignment>
         <input_file_ref idref="fl-2"/>
      </object_component>
      <object_component id="oc-10e">
         <name>.text:Interrupt_initModule</name>
         <load_address>0x8046</load_address>
         <readonly>true</readonly>
         <executable>true</executable>
         <run_address>0x8046</run_address>
         <size>0x3d</size>
         <alignment>0x1</alignment>
         <input_file_ref idref="fl-b"/>
      </object_component>
      <object_component id="oc-14a">
         <name>.text:GPIO_setControllerCore</name>
         <load_address>0x8083</load_address>
         <readonly>true</readonly>
         <executable>true</executable>
         <run_address>0x8083</run_address>
         <size>0x37</size>
         <alignment>0x1</alignment>
         <input_file_ref idref="fl-a"/>
      </object_component>
      <object_component id="oc-144">
         <name>.text:GPIO_setPinConfig</name>
         <load_address>0x80ba</load_address>
         <readonly>true</readonly>
         <executable>true</executable>
         <run_address>0x80ba</run_address>
         <size>0x37</size>
         <alignment>0x1</alignment>
         <input_file_ref idref="fl-a"/>
      </object_component>
      <object_component id="oc-13e">
         <name>.text:GPIO_setQualificationMode</name>
         <load_address>0x80f1</load_address>
         <readonly>true</readonly>
         <executable>true</executable>
         <run_address>0x80f1</run_address>
         <size>0x37</size>
         <alignment>0x1</alignment>
         <input_file_ref idref="fl-a"/>
      </object_component>
      <object_component id="oc-108">
         <name>.text:GPIO_setDirectionMode</name>
         <load_address>0x8128</load_address>
         <readonly>true</readonly>
         <executable>true</executable>
         <run_address>0x8128</run_address>
         <size>0x31</size>
         <alignment>0x1</alignment>
         <input_file_ref idref="fl-a"/>
      </object_component>
      <object_component id="oc-20">
         <name>.text:decompress:lzss</name>
         <load_address>0x8159</load_address>
         <readonly>true</readonly>
         <executable>true</executable>
         <run_address>0x8159</run_address>
         <size>0x2e</size>
         <alignment>0x1</alignment>
         <input_file_ref idref="fl-1e"/>
      </object_component>
      <object_component id="oc-98">
         <name>.text:__TI_auto_init_nobinit_nopinit</name>
         <load_address>0x8187</load_address>
         <readonly>true</readonly>
         <executable>true</executable>
         <run_address>0x8187</run_address>
         <size>0x2b</size>
         <alignment>0x1</alignment>
         <input_file_ref idref="fl-1b"/>
      </object_component>
      <object_component id="oc-73">
         <name>.text</name>
         <load_address>0x81b2</load_address>
         <readonly>true</readonly>
         <executable>true</executable>
         <run_address>0x81b2</run_address>
         <size>0x29</size>
         <alignment>0x1</alignment>
         <input_file_ref idref="fl-1f"/>
      </object_component>
      <object_component id="oc-1bf">
         <name>.text:CPUTimer_selectClockSource</name>
         <load_address>0x81db</load_address>
         <readonly>true</readonly>
         <executable>true</executable>
         <run_address>0x81db</run_address>
         <size>0x28</size>
         <alignment>0x1</alignment>
         <input_file_ref idref="fl-c"/>
      </object_component>
      <object_component id="oc-52">
         <name>.text</name>
         <load_address>0x8203</load_address>
         <readonly>true</readonly>
         <executable>true</executable>
         <run_address>0x8203</run_address>
         <size>0x20</size>
         <alignment>0x1</alignment>
         <input_file_ref idref="fl-24"/>
      </object_component>
      <object_component id="oc-1ea">
         <name>.text:CPUTimer_getTimerOverflowStatus</name>
         <load_address>0x8223</load_address>
         <readonly>true</readonly>
         <executable>true</executable>
         <run_address>0x8223</run_address>
         <size>0x1f</size>
         <alignment>0x1</alignment>
         <input_file_ref idref="fl-c"/>
      </object_component>
      <object_component id="oc-38">
         <name>.text:Interrupt_initVectorTable</name>
         <load_address>0x8242</load_address>
         <readonly>true</readonly>
         <executable>true</executable>
         <run_address>0x8242</run_address>
         <size>0x1e</size>
         <alignment>0x1</alignment>
         <input_file_ref idref="fl-b"/>
      </object_component>
      <object_component id="oc-1cb">
         <name>.text:CPUTimer_startTimer</name>
         <load_address>0x8260</load_address>
         <readonly>true</readonly>
         <executable>true</executable>
         <run_address>0x8260</run_address>
         <size>0x1a</size>
         <alignment>0x1</alignment>
         <input_file_ref idref="fl-c"/>
      </object_component>
      <object_component id="oc-1de">
         <name>.text:CPUTimer_isBaseValid</name>
         <load_address>0x827a</load_address>
         <readonly>true</readonly>
         <executable>true</executable>
         <run_address>0x827a</run_address>
         <size>0x17</size>
         <alignment>0x1</alignment>
         <input_file_ref idref="fl-c"/>
      </object_component>
      <object_component id="oc-2d">
         <name>.text</name>
         <load_address>0x8291</load_address>
         <readonly>true</readonly>
         <executable>true</executable>
         <run_address>0x8291</run_address>
         <size>0x17</size>
         <alignment>0x1</alignment>
         <input_file_ref idref="fl-18"/>
      </object_component>
      <object_component id="oc-37">
         <name>.text:Interrupt_defaultHandler</name>
         <load_address>0x82a8</load_address>
         <readonly>true</readonly>
         <executable>true</executable>
         <run_address>0x82a8</run_address>
         <size>0x16</size>
         <alignment>0x1</alignment>
         <input_file_ref idref="fl-b"/>
      </object_component>
      <object_component id="oc-1b3">
         <name>.text:CPUTimer_stopTimer</name>
         <load_address>0x82be</load_address>
         <readonly>true</readonly>
         <executable>true</executable>
         <run_address>0x82be</run_address>
         <size>0x14</size>
         <alignment>0x1</alignment>
         <input_file_ref idref="fl-c"/>
      </object_component>
      <object_component id="oc-1c5">
         <name>.text:CPUTimer_clearOverflowFlag</name>
         <load_address>0x82d2</load_address>
         <readonly>true</readonly>
         <executable>true</executable>
         <run_address>0x82d2</run_address>
         <size>0x12</size>
         <alignment>0x1</alignment>
         <input_file_ref idref="fl-c"/>
      </object_component>
      <object_component id="oc-1ad">
         <name>.text:CPUTimer_disableInterrupt</name>
         <load_address>0x82e4</load_address>
         <readonly>true</readonly>
         <executable>true</executable>
         <run_address>0x82e4</run_address>
         <size>0x12</size>
         <alignment>0x1</alignment>
         <input_file_ref idref="fl-c"/>
      </object_component>
      <object_component id="oc-6d">
         <name>.text</name>
         <load_address>0x82f6</load_address>
         <readonly>true</readonly>
         <executable>true</executable>
         <run_address>0x82f6</run_address>
         <size>0x12</size>
         <alignment>0x1</alignment>
         <input_file_ref idref="fl-21"/>
      </object_component>
      <object_component id="oc-1b9">
         <name>.text:CPUTimer_setPeriod</name>
         <load_address>0x8308</load_address>
         <readonly>true</readonly>
         <executable>true</executable>
         <run_address>0x8308</run_address>
         <size>0x11</size>
         <alignment>0x1</alignment>
         <input_file_ref idref="fl-c"/>
      </object_component>
      <object_component id="oc-1d1">
         <name>.text:SysCtl_pollCpuTimer</name>
         <load_address>0x8319</load_address>
         <readonly>true</readonly>
         <executable>true</executable>
         <run_address>0x8319</run_address>
         <size>0xf</size>
         <alignment>0x1</alignment>
         <input_file_ref idref="fl-c"/>
      </object_component>
      <object_component id="oc-155">
         <name>.text:GPIO_isPinValid</name>
         <load_address>0x8328</load_address>
         <readonly>true</readonly>
         <executable>true</executable>
         <run_address>0x8328</run_address>
         <size>0xe</size>
         <alignment>0x1</alignment>
         <input_file_ref idref="fl-a"/>
      </object_component>
      <object_component id="oc-15f">
         <name>.text:Interrupt_disableGlobal</name>
         <load_address>0x8336</load_address>
         <readonly>true</readonly>
         <executable>true</executable>
         <run_address>0x8336</run_address>
         <size>0xd</size>
         <alignment>0x1</alignment>
         <input_file_ref idref="fl-b"/>
      </object_component>
      <object_component id="oc-179">
         <name>.text:SysCtl_isMCDClockFailureDetected</name>
         <load_address>0x8343</load_address>
         <readonly>true</readonly>
         <executable>true</executable>
         <run_address>0x8343</run_address>
         <size>0xb</size>
         <alignment>0x1</alignment>
         <input_file_ref idref="fl-c"/>
      </object_component>
      <object_component id="oc-43">
         <name>.text:Interrupt_illegalOperationHandler</name>
         <load_address>0x834e</load_address>
         <readonly>true</readonly>
         <executable>true</executable>
         <run_address>0x834e</run_address>
         <size>0xa</size>
         <alignment>0x1</alignment>
         <input_file_ref idref="fl-b"/>
      </object_component>
      <object_component id="oc-49">
         <name>.text:Interrupt_nmiHandler</name>
         <load_address>0x8358</load_address>
         <readonly>true</readonly>
         <executable>true</executable>
         <run_address>0x8358</run_address>
         <size>0xa</size>
         <alignment>0x1</alignment>
         <input_file_ref idref="fl-b"/>
      </object_component>
      <object_component id="oc-185">
         <name>.text:SysCtl_serviceWatchdog</name>
         <load_address>0x8362</load_address>
         <readonly>true</readonly>
         <executable>true</executable>
         <run_address>0x8362</run_address>
         <size>0x9</size>
         <alignment>0x1</alignment>
         <input_file_ref idref="fl-c"/>
      </object_component>
      <object_component id="oc-11c">
         <name>.text</name>
         <load_address>0x836b</load_address>
         <readonly>true</readonly>
         <executable>true</executable>
         <run_address>0x836b</run_address>
         <size>0x9</size>
         <alignment>0x1</alignment>
         <input_file_ref idref="fl-20"/>
      </object_component>
      <object_component id="oc-7a">
         <name>.text</name>
         <load_address>0x8374</load_address>
         <readonly>true</readonly>
         <executable>true</executable>
         <run_address>0x8374</run_address>
         <size>0x8</size>
         <alignment>0x1</alignment>
         <input_file_ref idref="fl-3"/>
      </object_component>
      <object_component id="oc-26">
         <name>.text:decompress:none</name>
         <load_address>0x837c</load_address>
         <readonly>true</readonly>
         <executable>true</executable>
         <run_address>0x837c</run_address>
         <size>0x8</size>
         <alignment>0x1</alignment>
         <input_file_ref idref="fl-1d"/>
      </object_component>
      <object_component id="oc-1d7">
         <name>.text:SysCtl_resetMCD</name>
         <load_address>0x8384</load_address>
         <readonly>true</readonly>
         <executable>true</executable>
         <run_address>0x8384</run_address>
         <size>0x7</size>
         <alignment>0x1</alignment>
         <input_file_ref idref="fl-c"/>
      </object_component>
      <object_component id="oc-e7">
         <name>.text</name>
         <load_address>0x838b</load_address>
         <readonly>true</readonly>
         <executable>true</executable>
         <run_address>0x838b</run_address>
         <size>0x1</size>
         <alignment>0x1</alignment>
         <input_file_ref idref="fl-25"/>
      </object_component>
      <object_component id="oc-fc">
         <name>.text</name>
         <load_address>0xb000</load_address>
         <readonly>true</readonly>
         <executable>true</executable>
         <run_address>0xb000</run_address>
         <size>0x3db</size>
         <alignment>0x1</alignment>
         <input_file_ref idref="fl-4"/>
      </object_component>
      <object_component id="oc-138">
         <name>.text:SysCtl_setClock</name>
         <load_address>0xb3db</load_address>
         <readonly>true</readonly>
         <executable>true</executable>
         <run_address>0xb3db</run_address>
         <size>0x209</size>
         <alignment>0x1</alignment>
         <input_file_ref idref="fl-c"/>
      </object_component>
      <object_component id="oc-1a4">
         <name>.text:SysCtl_selectXTAL</name>
         <load_address>0xb5e4</load_address>
         <readonly>true</readonly>
         <executable>true</executable>
         <run_address>0xb5e4</run_address>
         <size>0x90</size>
         <alignment>0x1</alignment>
         <input_file_ref idref="fl-c"/>
      </object_component>
      <object_component id="oc-18b">
         <name>.text</name>
         <load_address>0xb674</load_address>
         <readonly>true</readonly>
         <executable>true</executable>
         <run_address>0xb674</run_address>
         <size>0x88</size>
         <alignment>0x1</alignment>
         <input_file_ref idref="fl-19"/>
      </object_component>
      <object_component id="oc-132">
         <name>.text:SysCtl_getDeviceParametric</name>
         <load_address>0xb6fc</load_address>
         <readonly>true</readonly>
         <executable>true</executable>
         <run_address>0xb6fc</run_address>
         <size>0x68</size>
         <alignment>0x1</alignment>
         <input_file_ref idref="fl-c"/>
      </object_component>
      <object_component id="oc-102">
         <name>.text:GPIO_setPadConfig</name>
         <load_address>0xb764</load_address>
         <readonly>true</readonly>
         <executable>true</executable>
         <run_address>0xb764</run_address>
         <size>0x52</size>
         <alignment>0x1</alignment>
         <input_file_ref idref="fl-a"/>
      </object_component>
      <object_component id="oc-17f">
         <name>.text:SysCtl_selectOscSource</name>
         <load_address>0xb7b6</load_address>
         <readonly>true</readonly>
         <executable>true</executable>
         <run_address>0xb7b6</run_address>
         <size>0x48</size>
         <alignment>0x1</alignment>
         <input_file_ref idref="fl-c"/>
      </object_component>
      <object_component id="oc-66">
         <name>.text</name>
         <load_address>0xb7fe</load_address>
         <readonly>true</readonly>
         <executable>true</executable>
         <run_address>0xb7fe</run_address>
         <size>0x2</size>
         <alignment>0x1</alignment>
         <input_file_ref idref="fl-1a"/>
      </object_component>
      <object_component id="oc-227">
         <name>.cinit..data.load</name>
         <load_address>0x128</load_address>
         <readonly>true</readonly>
         <run_address>0x128</run_address>
         <size>0xa</size>
         <alignment>0x1</alignment>
      </object_component>
      <object_component id="oc-225">
         <name>__TI_handler_table</name>
         <load_address>0x132</load_address>
         <readonly>true</readonly>
         <run_address>0x132</run_address>
         <size>0x4</size>
         <alignment>0x2</alignment>
      </object_component>
      <object_component id="oc-226">
         <name>__TI_cinit_table</name>
         <load_address>0x136</load_address>
         <readonly>true</readonly>
         <run_address>0x136</run_address>
         <size>0x4</size>
         <alignment>0x2</alignment>
      </object_component>
      <object_component id="oc-4f">
         <name>.stack</name>
         <uninitialized>true</uninitialized>
         <readwrite>true</readwrite>
         <run_address>0x400</run_address>
         <size>0x0</size>
         <alignment>0x1</alignment>
         <input_file_ref idref="fl-18"/>
      </object_component>
      <object_component id="oc-228">
         <name>.stack</name>
         <uninitialized>true</uninitialized>
         <readwrite>true</readwrite>
         <run_address>0x400</run_address>
         <size>0x0</size>
         <alignment>0x2</alignment>
      </object_component>
      <object_component id="oc-178">
         <name>.const:.string</name>
         <load_address>0xa800</load_address>
         <readonly>true</readonly>
         <run_address>0xa800</run_address>
         <size>0xc2</size>
         <alignment>0x2</alignment>
         <input_file_ref idref="fl-c"/>
      </object_component>
      <object_component id="oc-15b">
         <name>.const:.string</name>
         <load_address>0xa8c2</load_address>
         <readonly>true</readonly>
         <run_address>0xa8c2</run_address>
         <size>0xbc</size>
         <alignment>0x2</alignment>
         <input_file_ref idref="fl-a"/>
      </object_component>
      <object_component id="oc-150">
         <name>.data</name>
         <load_address>0xa980</load_address>
         <readwrite>true</readwrite>
         <run_address>0xa980</run_address>
         <size>0x6</size>
         <alignment>0x2</alignment>
         <input_file_ref idref="fl-4"/>
      </object_component>
      <object_component id="oc-d0">
         <name>.data</name>
         <load_address>0xa986</load_address>
         <readwrite>true</readwrite>
         <run_address>0xa986</run_address>
         <size>0x6</size>
         <alignment>0x2</alignment>
         <input_file_ref idref="fl-1f"/>
      </object_component>
      <object_component id="oc-d3">
         <name>.data:_lock</name>
         <load_address>0xa97e</load_address>
         <readwrite>true</readwrite>
         <run_address>0xa97e</run_address>
         <size>0x2</size>
         <alignment>0x2</alignment>
         <input_file_ref idref="fl-20"/>
      </object_component>
      <object_component id="oc-169">
         <name>.data:_unlock</name>
         <load_address>0xa98c</load_address>
         <readwrite>true</readwrite>
         <run_address>0xa98c</run_address>
         <size>0x2</size>
         <alignment>0x2</alignment>
         <input_file_ref idref="fl-20"/>
      </object_component>
      <object_component id="oc-114">
         <name>.TI.ramfunc</name>
         <load_address>0x123</load_address>
         <readonly>true</readonly>
         <executable>true</executable>
         <run_address>0x123</run_address>
         <size>0x4</size>
         <alignment>0x1</alignment>
         <input_file_ref idref="fl-c"/>
      </object_component>
      <object_component id="oc-116">
         <name>.debug_types</name>
         <load_address>0x0</load_address>
         <run_address>0x0</run_address>
         <size>0x435</size>
         <alignment>0x0</alignment>
         <input_file_ref idref="fl-2"/>
      </object_component>
      <object_component id="oc-154">
         <name>.debug_types</name>
         <load_address>0x435</load_address>
         <run_address>0x435</run_address>
         <size>0x1017</size>
         <alignment>0x0</alignment>
         <input_file_ref idref="fl-4"/>
      </object_component>
      <object_component id="oc-15d">
         <name>.debug_types</name>
         <load_address>0x144c</load_address>
         <run_address>0x144c</run_address>
         <size>0x2c4</size>
         <alignment>0x0</alignment>
         <input_file_ref idref="fl-a"/>
      </object_component>
      <object_component id="oc-81">
         <name>.debug_types</name>
         <load_address>0x0</load_address>
         <run_address>0x0</run_address>
         <size>0x0</size>
         <alignment>0x0</alignment>
         <input_file_ref idref="fl-b"/>
      </object_component>
      <object_component id="oc-177">
         <name>.debug_types</name>
         <load_address>0x1710</load_address>
         <run_address>0x1710</run_address>
         <size>0x254</size>
         <alignment>0x0</alignment>
         <input_file_ref idref="fl-c"/>
      </object_component>
      <object_component id="oc-97">
         <name>.debug_types</name>
         <load_address>0x0</load_address>
         <run_address>0x0</run_address>
         <size>0x0</size>
         <alignment>0x0</alignment>
         <input_file_ref idref="fl-1a"/>
      </object_component>
      <object_component id="oc-ee">
         <name>.debug_types</name>
         <load_address>0x1964</load_address>
         <run_address>0x1964</run_address>
         <size>0x4e8</size>
         <alignment>0x0</alignment>
         <input_file_ref idref="fl-1b"/>
      </object_component>
      <object_component id="oc-59">
         <name>.debug_types</name>
         <load_address>0x1e4c</load_address>
         <run_address>0x1e4c</run_address>
         <size>0x1c8</size>
         <alignment>0x0</alignment>
         <input_file_ref idref="fl-1d"/>
      </object_component>
      <object_component id="oc-51">
         <name>.debug_types</name>
         <load_address>0x2014</load_address>
         <run_address>0x2014</run_address>
         <size>0x191</size>
         <alignment>0x0</alignment>
         <input_file_ref idref="fl-1e"/>
      </object_component>
      <object_component id="oc-d7">
         <name>.debug_types</name>
         <load_address>0x21a5</load_address>
         <run_address>0x21a5</run_address>
         <size>0xbf</size>
         <alignment>0x0</alignment>
         <input_file_ref idref="fl-1f"/>
      </object_component>
      <object_component id="oc-124">
         <name>.debug_types</name>
         <load_address>0x2264</load_address>
         <run_address>0x2264</run_address>
         <size>0x2f</size>
         <alignment>0x0</alignment>
         <input_file_ref idref="fl-20"/>
      </object_component>
      <object_component id="oc-cf">
         <name>.debug_types</name>
         <load_address>0x2293</load_address>
         <run_address>0x2293</run_address>
         <size>0xe1</size>
         <alignment>0x0</alignment>
         <input_file_ref idref="fl-21"/>
      </object_component>
      <object_component id="oc-89">
         <name>.debug_types</name>
         <load_address>0x2374</load_address>
         <run_address>0x2374</run_address>
         <size>0xe3</size>
         <alignment>0x0</alignment>
         <input_file_ref idref="fl-24"/>
      </object_component>
      <object_component id="oc-12c">
         <name>.debug_types</name>
         <load_address>0x0</load_address>
         <run_address>0x0</run_address>
         <size>0x0</size>
         <alignment>0x0</alignment>
         <input_file_ref idref="fl-25"/>
      </object_component>
      <object_component id="oc-ca">
         <name>.debug_info</name>
         <load_address>0x0</load_address>
         <run_address>0x0</run_address>
         <size>0x2a4</size>
         <alignment>0x0</alignment>
         <input_file_ref idref="fl-2"/>
      </object_component>
      <object_component id="oc-34">
         <name>.debug_info</name>
         <load_address>0x2a4</load_address>
         <run_address>0x2a4</run_address>
         <size>0x10f</size>
         <alignment>0x0</alignment>
         <input_file_ref idref="fl-3"/>
      </object_component>
      <object_component id="oc-7d">
         <name>.debug_info</name>
         <load_address>0x3b3</load_address>
         <run_address>0x3b3</run_address>
         <size>0x110</size>
         <alignment>0x0</alignment>
         <input_file_ref idref="fl-3"/>
      </object_component>
      <object_component id="oc-151">
         <name>.debug_info</name>
         <load_address>0x4c3</load_address>
         <run_address>0x4c3</run_address>
         <size>0x15a</size>
         <alignment>0x0</alignment>
         <input_file_ref idref="fl-4"/>
      </object_component>
      <object_component id="oc-fe">
         <name>.debug_info</name>
         <load_address>0x61d</load_address>
         <run_address>0x61d</run_address>
         <size>0x1c99</size>
         <alignment>0x0</alignment>
         <input_file_ref idref="fl-4"/>
      </object_component>
      <object_component id="oc-156">
         <name>.debug_info</name>
         <load_address>0x22b6</load_address>
         <run_address>0x22b6</run_address>
         <size>0x205</size>
         <alignment>0x0</alignment>
         <input_file_ref idref="fl-a"/>
      </object_component>
      <object_component id="oc-109">
         <name>.debug_info</name>
         <load_address>0x24bb</load_address>
         <run_address>0x24bb</run_address>
         <size>0x27d</size>
         <alignment>0x0</alignment>
         <input_file_ref idref="fl-a"/>
      </object_component>
      <object_component id="oc-104">
         <name>.debug_info</name>
         <load_address>0x2738</load_address>
         <run_address>0x2738</run_address>
         <size>0x266</size>
         <alignment>0x0</alignment>
         <input_file_ref idref="fl-a"/>
      </object_component>
      <object_component id="oc-140">
         <name>.debug_info</name>
         <load_address>0x299e</load_address>
         <run_address>0x299e</run_address>
         <size>0x2ae</size>
         <alignment>0x0</alignment>
         <input_file_ref idref="fl-a"/>
      </object_component>
      <object_component id="oc-14d">
         <name>.debug_info</name>
         <load_address>0x2c4c</load_address>
         <run_address>0x2c4c</run_address>
         <size>0x296</size>
         <alignment>0x0</alignment>
         <input_file_ref idref="fl-a"/>
      </object_component>
      <object_component id="oc-145">
         <name>.debug_info</name>
         <load_address>0x2ee2</load_address>
         <run_address>0x2ee2</run_address>
         <size>0x24f</size>
         <alignment>0x0</alignment>
         <input_file_ref idref="fl-a"/>
      </object_component>
      <object_component id="oc-160">
         <name>.debug_info</name>
         <load_address>0x3131</load_address>
         <run_address>0x3131</run_address>
         <size>0x200</size>
         <alignment>0x0</alignment>
         <input_file_ref idref="fl-b"/>
      </object_component>
      <object_component id="oc-112">
         <name>.debug_info</name>
         <load_address>0x3331</load_address>
         <run_address>0x3331</run_address>
         <size>0x20f</size>
         <alignment>0x0</alignment>
         <input_file_ref idref="fl-b"/>
      </object_component>
      <object_component id="oc-40">
         <name>.debug_info</name>
         <load_address>0x3540</load_address>
         <run_address>0x3540</run_address>
         <size>0x21c</size>
         <alignment>0x0</alignment>
         <input_file_ref idref="fl-b"/>
      </object_component>
      <object_component id="oc-44">
         <name>.debug_info</name>
         <load_address>0x375c</load_address>
         <run_address>0x375c</run_address>
         <size>0x202</size>
         <alignment>0x0</alignment>
         <input_file_ref idref="fl-b"/>
      </object_component>
      <object_component id="oc-4b">
         <name>.debug_info</name>
         <load_address>0x395e</load_address>
         <run_address>0x395e</run_address>
         <size>0x1e8</size>
         <alignment>0x0</alignment>
         <input_file_ref idref="fl-b"/>
      </object_component>
      <object_component id="oc-39">
         <name>.debug_info</name>
         <load_address>0x3b46</load_address>
         <run_address>0x3b46</run_address>
         <size>0x20c</size>
         <alignment>0x0</alignment>
         <input_file_ref idref="fl-b"/>
      </object_component>
      <object_component id="oc-186">
         <name>.debug_info</name>
         <load_address>0x3d52</load_address>
         <run_address>0x3d52</run_address>
         <size>0x1f2</size>
         <alignment>0x0</alignment>
         <input_file_ref idref="fl-c"/>
      </object_component>
      <object_component id="oc-17b">
         <name>.debug_info</name>
         <load_address>0x3f44</load_address>
         <run_address>0x3f44</run_address>
         <size>0x20e</size>
         <alignment>0x0</alignment>
         <input_file_ref idref="fl-c"/>
      </object_component>
      <object_component id="oc-1d9">
         <name>.debug_info</name>
         <load_address>0x4152</load_address>
         <run_address>0x4152</run_address>
         <size>0x1e4</size>
         <alignment>0x0</alignment>
         <input_file_ref idref="fl-c"/>
      </object_component>
      <object_component id="oc-1e0">
         <name>.debug_info</name>
         <load_address>0x4336</load_address>
         <run_address>0x4336</run_address>
         <size>0x217</size>
         <alignment>0x0</alignment>
         <input_file_ref idref="fl-c"/>
      </object_component>
      <object_component id="oc-1c7">
         <name>.debug_info</name>
         <load_address>0x454d</load_address>
         <run_address>0x454d</run_address>
         <size>0x244</size>
         <alignment>0x0</alignment>
         <input_file_ref idref="fl-c"/>
      </object_component>
      <object_component id="oc-1af">
         <name>.debug_info</name>
         <load_address>0x4791</load_address>
         <run_address>0x4791</run_address>
         <size>0x242</size>
         <alignment>0x0</alignment>
         <input_file_ref idref="fl-c"/>
      </object_component>
      <object_component id="oc-1b5">
         <name>.debug_info</name>
         <load_address>0x49d3</load_address>
         <run_address>0x49d3</run_address>
         <size>0x24a</size>
         <alignment>0x0</alignment>
         <input_file_ref idref="fl-c"/>
      </object_component>
      <object_component id="oc-1cc">
         <name>.debug_info</name>
         <load_address>0x4c1d</load_address>
         <run_address>0x4c1d</run_address>
         <size>0x24d</size>
         <alignment>0x0</alignment>
         <input_file_ref idref="fl-c"/>
      </object_component>
      <object_component id="oc-1bb">
         <name>.debug_info</name>
         <load_address>0x4e6a</load_address>
         <run_address>0x4e6a</run_address>
         <size>0x24e</size>
         <alignment>0x0</alignment>
         <input_file_ref idref="fl-c"/>
      </object_component>
      <object_component id="oc-1ec">
         <name>.debug_info</name>
         <load_address>0x50b8</load_address>
         <run_address>0x50b8</run_address>
         <size>0x258</size>
         <alignment>0x0</alignment>
         <input_file_ref idref="fl-c"/>
      </object_component>
      <object_component id="oc-1c1">
         <name>.debug_info</name>
         <load_address>0x5310</load_address>
         <run_address>0x5310</run_address>
         <size>0x27c</size>
         <alignment>0x0</alignment>
         <input_file_ref idref="fl-c"/>
      </object_component>
      <object_component id="oc-1d3">
         <name>.debug_info</name>
         <load_address>0x558c</load_address>
         <run_address>0x558c</run_address>
         <size>0x241</size>
         <alignment>0x0</alignment>
         <input_file_ref idref="fl-c"/>
      </object_component>
      <object_component id="oc-139">
         <name>.debug_info</name>
         <load_address>0x57cd</load_address>
         <run_address>0x57cd</run_address>
         <size>0x519</size>
         <alignment>0x0</alignment>
         <input_file_ref idref="fl-c"/>
      </object_component>
      <object_component id="oc-1a5">
         <name>.debug_info</name>
         <load_address>0x5ce6</load_address>
         <run_address>0x5ce6</run_address>
         <size>0x3ba</size>
         <alignment>0x0</alignment>
         <input_file_ref idref="fl-c"/>
      </object_component>
      <object_component id="oc-180">
         <name>.debug_info</name>
         <load_address>0x60a0</load_address>
         <run_address>0x60a0</run_address>
         <size>0x243</size>
         <alignment>0x0</alignment>
         <input_file_ref idref="fl-c"/>
      </object_component>
      <object_component id="oc-133">
         <name>.debug_info</name>
         <load_address>0x62e3</load_address>
         <run_address>0x62e3</run_address>
         <size>0x241</size>
         <alignment>0x0</alignment>
         <input_file_ref idref="fl-c"/>
      </object_component>
      <object_component id="oc-2f">
         <name>.debug_info</name>
         <load_address>0x6524</load_address>
         <run_address>0x6524</run_address>
         <size>0x141</size>
         <alignment>0x0</alignment>
         <input_file_ref idref="fl-18"/>
      </object_component>
      <object_component id="oc-18c">
         <name>.debug_info</name>
         <load_address>0x6665</load_address>
         <run_address>0x6665</run_address>
         <size>0x110</size>
         <alignment>0x0</alignment>
         <input_file_ref idref="fl-19"/>
      </object_component>
      <object_component id="oc-67">
         <name>.debug_info</name>
         <load_address>0x6775</load_address>
         <run_address>0x6775</run_address>
         <size>0x136</size>
         <alignment>0x0</alignment>
         <input_file_ref idref="fl-1a"/>
      </object_component>
      <object_component id="oc-9b">
         <name>.debug_info</name>
         <load_address>0x68ab</load_address>
         <run_address>0x68ab</run_address>
         <size>0x1a8</size>
         <alignment>0x0</alignment>
         <input_file_ref idref="fl-1b"/>
      </object_component>
      <object_component id="oc-28">
         <name>.debug_info</name>
         <load_address>0x6a53</load_address>
         <run_address>0x6a53</run_address>
         <size>0x1a0</size>
         <alignment>0x0</alignment>
         <input_file_ref idref="fl-1d"/>
      </object_component>
      <object_component id="oc-21">
         <name>.debug_info</name>
         <load_address>0x6bf3</load_address>
         <run_address>0x6bf3</run_address>
         <size>0x1f5</size>
         <alignment>0x0</alignment>
         <input_file_ref idref="fl-1e"/>
      </object_component>
      <object_component id="oc-d1">
         <name>.debug_info</name>
         <load_address>0x6de8</load_address>
         <run_address>0x6de8</run_address>
         <size>0x187</size>
         <alignment>0x0</alignment>
         <input_file_ref idref="fl-1f"/>
      </object_component>
      <object_component id="oc-74">
         <name>.debug_info</name>
         <load_address>0x6f6f</load_address>
         <run_address>0x6f6f</run_address>
         <size>0x192</size>
         <alignment>0x0</alignment>
         <input_file_ref idref="fl-1f"/>
      </object_component>
      <object_component id="oc-d4">
         <name>.debug_info</name>
         <load_address>0x7101</load_address>
         <run_address>0x7101</run_address>
         <size>0xf0</size>
         <alignment>0x0</alignment>
         <input_file_ref idref="fl-20"/>
      </object_component>
      <object_component id="oc-16a">
         <name>.debug_info</name>
         <load_address>0x71f1</load_address>
         <run_address>0x71f1</run_address>
         <size>0xf4</size>
         <alignment>0x0</alignment>
         <input_file_ref idref="fl-20"/>
      </object_component>
      <object_component id="oc-120">
         <name>.debug_info</name>
         <load_address>0x72e5</load_address>
         <run_address>0x72e5</run_address>
         <size>0x1ec</size>
         <alignment>0x0</alignment>
         <input_file_ref idref="fl-20"/>
      </object_component>
      <object_component id="oc-70">
         <name>.debug_info</name>
         <load_address>0x74d1</load_address>
         <run_address>0x74d1</run_address>
         <size>0x156</size>
         <alignment>0x0</alignment>
         <input_file_ref idref="fl-21"/>
      </object_component>
      <object_component id="oc-55">
         <name>.debug_info</name>
         <load_address>0x7627</load_address>
         <run_address>0x7627</run_address>
         <size>0x184</size>
         <alignment>0x0</alignment>
         <input_file_ref idref="fl-24"/>
      </object_component>
      <object_component id="oc-ea">
         <name>.debug_info</name>
         <load_address>0x77ab</load_address>
         <run_address>0x77ab</run_address>
         <size>0x130</size>
         <alignment>0x0</alignment>
         <input_file_ref idref="fl-25"/>
      </object_component>
      <object_component id="oc-22b">
         <name>.debug_info</name>
         <load_address>0x78db</load_address>
         <run_address>0x78db</run_address>
         <size>0xaf</size>
         <alignment>0x0</alignment>
      </object_component>
      <object_component id="oc-cc">
         <name>.debug_line</name>
         <load_address>0x0</load_address>
         <run_address>0x0</run_address>
         <size>0xb7</size>
         <alignment>0x0</alignment>
         <input_file_ref idref="fl-2"/>
      </object_component>
      <object_component id="oc-167">
         <name>.debug_line</name>
         <load_address>0xb7</load_address>
         <run_address>0xb7</run_address>
         <size>0xb3</size>
         <alignment>0x0</alignment>
         <input_file_ref idref="fl-2"/>
      </object_component>
      <object_component id="oc-33">
         <name>.debug_line</name>
         <load_address>0x16a</load_address>
         <run_address>0x16a</run_address>
         <size>0x55</size>
         <alignment>0x0</alignment>
         <input_file_ref idref="fl-3"/>
      </object_component>
      <object_component id="oc-7c">
         <name>.debug_line</name>
         <load_address>0x1bf</load_address>
         <run_address>0x1bf</run_address>
         <size>0x5d</size>
         <alignment>0x0</alignment>
         <input_file_ref idref="fl-3"/>
      </object_component>
      <object_component id="oc-195">
         <name>.debug_line</name>
         <load_address>0x21c</load_address>
         <run_address>0x21c</run_address>
         <size>0x37</size>
         <alignment>0x0</alignment>
         <input_file_ref idref="fl-4"/>
      </object_component>
      <object_component id="oc-fd">
         <name>.debug_line</name>
         <load_address>0x253</load_address>
         <run_address>0x253</run_address>
         <size>0x405</size>
         <alignment>0x0</alignment>
         <input_file_ref idref="fl-4"/>
      </object_component>
      <object_component id="oc-197">
         <name>.debug_line</name>
         <load_address>0x658</load_address>
         <run_address>0x658</run_address>
         <size>0xb3</size>
         <alignment>0x0</alignment>
         <input_file_ref idref="fl-4"/>
      </object_component>
      <object_component id="oc-159">
         <name>.debug_line</name>
         <load_address>0x70b</load_address>
         <run_address>0x70b</run_address>
         <size>0x98</size>
         <alignment>0x0</alignment>
         <input_file_ref idref="fl-a"/>
      </object_component>
      <object_component id="oc-10c">
         <name>.debug_line</name>
         <load_address>0x7a3</load_address>
         <run_address>0x7a3</run_address>
         <size>0xa2</size>
         <alignment>0x0</alignment>
         <input_file_ref idref="fl-a"/>
      </object_component>
      <object_component id="oc-103">
         <name>.debug_line</name>
         <load_address>0x845</load_address>
         <run_address>0x845</run_address>
         <size>0xb1</size>
         <alignment>0x0</alignment>
         <input_file_ref idref="fl-a"/>
      </object_component>
      <object_component id="oc-143">
         <name>.debug_line</name>
         <load_address>0x8f6</load_address>
         <run_address>0x8f6</run_address>
         <size>0x9f</size>
         <alignment>0x0</alignment>
         <input_file_ref idref="fl-a"/>
      </object_component>
      <object_component id="oc-14b">
         <name>.debug_line</name>
         <load_address>0x995</load_address>
         <run_address>0x995</run_address>
         <size>0x9f</size>
         <alignment>0x0</alignment>
         <input_file_ref idref="fl-a"/>
      </object_component>
      <object_component id="oc-149">
         <name>.debug_line</name>
         <load_address>0xa34</load_address>
         <run_address>0xa34</run_address>
         <size>0x9f</size>
         <alignment>0x0</alignment>
         <input_file_ref idref="fl-a"/>
      </object_component>
      <object_component id="oc-19b">
         <name>.debug_line</name>
         <load_address>0xad3</load_address>
         <run_address>0xad3</run_address>
         <size>0xe4</size>
         <alignment>0x0</alignment>
         <input_file_ref idref="fl-a"/>
      </object_component>
      <object_component id="oc-163">
         <name>.debug_line</name>
         <load_address>0xbb7</load_address>
         <run_address>0xbb7</run_address>
         <size>0x9d</size>
         <alignment>0x0</alignment>
         <input_file_ref idref="fl-b"/>
      </object_component>
      <object_component id="oc-111">
         <name>.debug_line</name>
         <load_address>0xc54</load_address>
         <run_address>0xc54</run_address>
         <size>0xb8</size>
         <alignment>0x0</alignment>
         <input_file_ref idref="fl-b"/>
      </object_component>
      <object_component id="oc-3f">
         <name>.debug_line</name>
         <load_address>0xd0c</load_address>
         <run_address>0xd0c</run_address>
         <size>0xa3</size>
         <alignment>0x0</alignment>
         <input_file_ref idref="fl-b"/>
      </object_component>
      <object_component id="oc-47">
         <name>.debug_line</name>
         <load_address>0xdaf</load_address>
         <run_address>0xdaf</run_address>
         <size>0x9b</size>
         <alignment>0x0</alignment>
         <input_file_ref idref="fl-b"/>
      </object_component>
      <object_component id="oc-4d">
         <name>.debug_line</name>
         <load_address>0xe4a</load_address>
         <run_address>0xe4a</run_address>
         <size>0x9b</size>
         <alignment>0x0</alignment>
         <input_file_ref idref="fl-b"/>
      </object_component>
      <object_component id="oc-3c">
         <name>.debug_line</name>
         <load_address>0xee5</load_address>
         <run_address>0xee5</run_address>
         <size>0xb1</size>
         <alignment>0x0</alignment>
         <input_file_ref idref="fl-b"/>
      </object_component>
      <object_component id="oc-da">
         <name>.debug_line</name>
         <load_address>0xf96</load_address>
         <run_address>0xf96</run_address>
         <size>0x21</size>
         <alignment>0x0</alignment>
         <input_file_ref idref="fl-b"/>
      </object_component>
      <object_component id="oc-189">
         <name>.debug_line</name>
         <load_address>0xfb7</load_address>
         <run_address>0xfb7</run_address>
         <size>0x9d</size>
         <alignment>0x0</alignment>
         <input_file_ref idref="fl-c"/>
      </object_component>
      <object_component id="oc-17a">
         <name>.debug_line</name>
         <load_address>0x1054</load_address>
         <run_address>0x1054</run_address>
         <size>0x9a</size>
         <alignment>0x0</alignment>
         <input_file_ref idref="fl-c"/>
      </object_component>
      <object_component id="oc-1d8">
         <name>.debug_line</name>
         <load_address>0x10ee</load_address>
         <run_address>0x10ee</run_address>
         <size>0x9c</size>
         <alignment>0x0</alignment>
         <input_file_ref idref="fl-c"/>
      </object_component>
      <object_component id="oc-1df">
         <name>.debug_line</name>
         <load_address>0x118a</load_address>
         <run_address>0x118a</run_address>
         <size>0x9c</size>
         <alignment>0x0</alignment>
         <input_file_ref idref="fl-c"/>
      </object_component>
      <object_component id="oc-1c6">
         <name>.debug_line</name>
         <load_address>0x1226</load_address>
         <run_address>0x1226</run_address>
         <size>0x9d</size>
         <alignment>0x0</alignment>
         <input_file_ref idref="fl-c"/>
      </object_component>
      <object_component id="oc-1ae">
         <name>.debug_line</name>
         <load_address>0x12c3</load_address>
         <run_address>0x12c3</run_address>
         <size>0x9d</size>
         <alignment>0x0</alignment>
         <input_file_ref idref="fl-c"/>
      </object_component>
      <object_component id="oc-1b4">
         <name>.debug_line</name>
         <load_address>0x1360</load_address>
         <run_address>0x1360</run_address>
         <size>0xa1</size>
         <alignment>0x0</alignment>
         <input_file_ref idref="fl-c"/>
      </object_component>
      <object_component id="oc-1cf">
         <name>.debug_line</name>
         <load_address>0x1401</load_address>
         <run_address>0x1401</run_address>
         <size>0xa2</size>
         <alignment>0x0</alignment>
         <input_file_ref idref="fl-c"/>
      </object_component>
      <object_component id="oc-1ba">
         <name>.debug_line</name>
         <load_address>0x14a3</load_address>
         <run_address>0x14a3</run_address>
         <size>0x9d</size>
         <alignment>0x0</alignment>
         <input_file_ref idref="fl-c"/>
      </object_component>
      <object_component id="oc-1eb">
         <name>.debug_line</name>
         <load_address>0x1540</load_address>
         <run_address>0x1540</run_address>
         <size>0x9d</size>
         <alignment>0x0</alignment>
         <input_file_ref idref="fl-c"/>
      </object_component>
      <object_component id="oc-1c0">
         <name>.debug_line</name>
         <load_address>0x15dd</load_address>
         <run_address>0x15dd</run_address>
         <size>0xa7</size>
         <alignment>0x0</alignment>
         <input_file_ref idref="fl-c"/>
      </object_component>
      <object_component id="oc-1d2">
         <name>.debug_line</name>
         <load_address>0x1684</load_address>
         <run_address>0x1684</run_address>
         <size>0xa1</size>
         <alignment>0x0</alignment>
         <input_file_ref idref="fl-c"/>
      </object_component>
      <object_component id="oc-13d">
         <name>.debug_line</name>
         <load_address>0x1725</load_address>
         <run_address>0x1725</run_address>
         <size>0x19e</size>
         <alignment>0x0</alignment>
         <input_file_ref idref="fl-c"/>
      </object_component>
      <object_component id="oc-1a8">
         <name>.debug_line</name>
         <load_address>0x18c3</load_address>
         <run_address>0x18c3</run_address>
         <size>0xd2</size>
         <alignment>0x0</alignment>
         <input_file_ref idref="fl-c"/>
      </object_component>
      <object_component id="oc-183">
         <name>.debug_line</name>
         <load_address>0x1995</load_address>
         <run_address>0x1995</run_address>
         <size>0xbe</size>
         <alignment>0x0</alignment>
         <input_file_ref idref="fl-c"/>
      </object_component>
      <object_component id="oc-137">
         <name>.debug_line</name>
         <load_address>0x1a53</load_address>
         <run_address>0x1a53</run_address>
         <size>0xc7</size>
         <alignment>0x0</alignment>
         <input_file_ref idref="fl-c"/>
      </object_component>
      <object_component id="oc-1a1">
         <name>.debug_line</name>
         <load_address>0x1b1a</load_address>
         <run_address>0x1b1a</run_address>
         <size>0x14b</size>
         <alignment>0x0</alignment>
         <input_file_ref idref="fl-c"/>
      </object_component>
      <object_component id="oc-31">
         <name>.debug_line</name>
         <load_address>0x1c65</load_address>
         <run_address>0x1c65</run_address>
         <size>0x4f</size>
         <alignment>0x0</alignment>
         <input_file_ref idref="fl-18"/>
      </object_component>
      <object_component id="oc-18f">
         <name>.debug_line</name>
         <load_address>0x1cb4</load_address>
         <run_address>0x1cb4</run_address>
         <size>0xae</size>
         <alignment>0x0</alignment>
         <input_file_ref idref="fl-19"/>
      </object_component>
      <object_component id="oc-6a">
         <name>.debug_line</name>
         <load_address>0x1d62</load_address>
         <run_address>0x1d62</run_address>
         <size>0x3f</size>
         <alignment>0x0</alignment>
         <input_file_ref idref="fl-1a"/>
      </object_component>
      <object_component id="oc-e5">
         <name>.debug_line</name>
         <load_address>0x1da1</load_address>
         <run_address>0x1da1</run_address>
         <size>0x21</size>
         <alignment>0x0</alignment>
         <input_file_ref idref="fl-1a"/>
      </object_component>
      <object_component id="oc-9d">
         <name>.debug_line</name>
         <load_address>0x1dc2</load_address>
         <run_address>0x1dc2</run_address>
         <size>0x74</size>
         <alignment>0x0</alignment>
         <input_file_ref idref="fl-1b"/>
      </object_component>
      <object_component id="oc-12e">
         <name>.debug_line</name>
         <load_address>0x1e36</load_address>
         <run_address>0x1e36</run_address>
         <size>0x21</size>
         <alignment>0x0</alignment>
         <input_file_ref idref="fl-1b"/>
      </object_component>
      <object_component id="oc-2b">
         <name>.debug_line</name>
         <load_address>0x1e57</load_address>
         <run_address>0x1e57</run_address>
         <size>0x57</size>
         <alignment>0x0</alignment>
         <input_file_ref idref="fl-1d"/>
      </object_component>
      <object_component id="oc-8b">
         <name>.debug_line</name>
         <load_address>0x1eae</load_address>
         <run_address>0x1eae</run_address>
         <size>0x21</size>
         <alignment>0x0</alignment>
         <input_file_ref idref="fl-1d"/>
      </object_component>
      <object_component id="oc-24">
         <name>.debug_line</name>
         <load_address>0x1ecf</load_address>
         <run_address>0x1ecf</run_address>
         <size>0x9a</size>
         <alignment>0x0</alignment>
         <input_file_ref idref="fl-1e"/>
      </object_component>
      <object_component id="oc-86">
         <name>.debug_line</name>
         <load_address>0x1f69</load_address>
         <run_address>0x1f69</run_address>
         <size>0x21</size>
         <alignment>0x0</alignment>
         <input_file_ref idref="fl-1e"/>
      </object_component>
      <object_component id="oc-11b">
         <name>.debug_line</name>
         <load_address>0x1f8a</load_address>
         <run_address>0x1f8a</run_address>
         <size>0x2b</size>
         <alignment>0x0</alignment>
         <input_file_ref idref="fl-1f"/>
      </object_component>
      <object_component id="oc-77">
         <name>.debug_line</name>
         <load_address>0x1fb5</load_address>
         <run_address>0x1fb5</run_address>
         <size>0x66</size>
         <alignment>0x0</alignment>
         <input_file_ref idref="fl-1f"/>
      </object_component>
      <object_component id="oc-126">
         <name>.debug_line</name>
         <load_address>0x201b</load_address>
         <run_address>0x201b</run_address>
         <size>0x21</size>
         <alignment>0x0</alignment>
         <input_file_ref idref="fl-1f"/>
      </object_component>
      <object_component id="oc-123">
         <name>.debug_line</name>
         <load_address>0x203c</load_address>
         <run_address>0x203c</run_address>
         <size>0x2c</size>
         <alignment>0x0</alignment>
         <input_file_ref idref="fl-20"/>
      </object_component>
      <object_component id="oc-19f">
         <name>.debug_line</name>
         <load_address>0x2068</load_address>
         <run_address>0x2068</run_address>
         <size>0x2c</size>
         <alignment>0x0</alignment>
         <input_file_ref idref="fl-20"/>
      </object_component>
      <object_component id="oc-11d">
         <name>.debug_line</name>
         <load_address>0x2094</load_address>
         <run_address>0x2094</run_address>
         <size>0x5f</size>
         <alignment>0x0</alignment>
         <input_file_ref idref="fl-20"/>
      </object_component>
      <object_component id="oc-16e">
         <name>.debug_line</name>
         <load_address>0x20f3</load_address>
         <run_address>0x20f3</run_address>
         <size>0x21</size>
         <alignment>0x0</alignment>
         <input_file_ref idref="fl-20"/>
      </object_component>
      <object_component id="oc-6e">
         <name>.debug_line</name>
         <load_address>0x2114</load_address>
         <run_address>0x2114</run_address>
         <size>0x50</size>
         <alignment>0x0</alignment>
         <input_file_ref idref="fl-21"/>
      </object_component>
      <object_component id="oc-118">
         <name>.debug_line</name>
         <load_address>0x2164</load_address>
         <run_address>0x2164</run_address>
         <size>0x30</size>
         <alignment>0x0</alignment>
         <input_file_ref idref="fl-21"/>
      </object_component>
      <object_component id="oc-54">
         <name>.debug_line</name>
         <load_address>0x2194</load_address>
         <run_address>0x2194</run_address>
         <size>0x57</size>
         <alignment>0x0</alignment>
         <input_file_ref idref="fl-24"/>
      </object_component>
      <object_component id="oc-dd">
         <name>.debug_line</name>
         <load_address>0x21eb</load_address>
         <run_address>0x21eb</run_address>
         <size>0x21</size>
         <alignment>0x0</alignment>
         <input_file_ref idref="fl-24"/>
      </object_component>
      <object_component id="oc-e8">
         <name>.debug_line</name>
         <load_address>0x220c</load_address>
         <run_address>0x220c</run_address>
         <size>0x3b</size>
         <alignment>0x0</alignment>
         <input_file_ref idref="fl-25"/>
      </object_component>
      <object_component id="oc-171">
         <name>.debug_line</name>
         <load_address>0x2247</load_address>
         <run_address>0x2247</run_address>
         <size>0x21</size>
         <alignment>0x0</alignment>
         <input_file_ref idref="fl-25"/>
      </object_component>
      <object_component id="oc-cd">
         <name>.debug_frame</name>
         <load_address>0x0</load_address>
         <run_address>0x0</run_address>
         <size>0x5c</size>
         <alignment>0x4</alignment>
         <input_file_ref idref="fl-2"/>
      </object_component>
      <object_component id="oc-101">
         <name>.debug_frame</name>
         <load_address>0x5c</load_address>
         <run_address>0x5c</run_address>
         <size>0x230</size>
         <alignment>0x4</alignment>
         <input_file_ref idref="fl-4"/>
      </object_component>
      <object_component id="oc-15a">
         <name>.debug_frame</name>
         <load_address>0x28c</load_address>
         <run_address>0x28c</run_address>
         <size>0x44</size>
         <alignment>0x4</alignment>
         <input_file_ref idref="fl-a"/>
      </object_component>
      <object_component id="oc-10d">
         <name>.debug_frame</name>
         <load_address>0x2d0</load_address>
         <run_address>0x2d0</run_address>
         <size>0x44</size>
         <alignment>0x4</alignment>
         <input_file_ref idref="fl-a"/>
      </object_component>
      <object_component id="oc-107">
         <name>.debug_frame</name>
         <load_address>0x314</load_address>
         <run_address>0x314</run_address>
         <size>0x44</size>
         <alignment>0x4</alignment>
         <input_file_ref idref="fl-a"/>
      </object_component>
      <object_component id="oc-13f">
         <name>.debug_frame</name>
         <load_address>0x358</load_address>
         <run_address>0x358</run_address>
         <size>0x44</size>
         <alignment>0x4</alignment>
         <input_file_ref idref="fl-a"/>
      </object_component>
      <object_component id="oc-14c">
         <name>.debug_frame</name>
         <load_address>0x39c</load_address>
         <run_address>0x39c</run_address>
         <size>0x44</size>
         <alignment>0x4</alignment>
         <input_file_ref idref="fl-a"/>
      </object_component>
      <object_component id="oc-148">
         <name>.debug_frame</name>
         <load_address>0x3e0</load_address>
         <run_address>0x3e0</run_address>
         <size>0x44</size>
         <alignment>0x4</alignment>
         <input_file_ref idref="fl-a"/>
      </object_component>
      <object_component id="oc-164">
         <name>.debug_frame</name>
         <load_address>0x424</load_address>
         <run_address>0x424</run_address>
         <size>0x40</size>
         <alignment>0x4</alignment>
         <input_file_ref idref="fl-b"/>
      </object_component>
      <object_component id="oc-10f">
         <name>.debug_frame</name>
         <load_address>0x464</load_address>
         <run_address>0x464</run_address>
         <size>0x40</size>
         <alignment>0x4</alignment>
         <input_file_ref idref="fl-b"/>
      </object_component>
      <object_component id="oc-3e">
         <name>.debug_frame</name>
         <load_address>0x4a4</load_address>
         <run_address>0x4a4</run_address>
         <size>0x4c</size>
         <alignment>0x4</alignment>
         <input_file_ref idref="fl-b"/>
      </object_component>
      <object_component id="oc-48">
         <name>.debug_frame</name>
         <load_address>0x4f0</load_address>
         <run_address>0x4f0</run_address>
         <size>0x48</size>
         <alignment>0x4</alignment>
         <input_file_ref idref="fl-b"/>
      </object_component>
      <object_component id="oc-4e">
         <name>.debug_frame</name>
         <load_address>0x538</load_address>
         <run_address>0x538</run_address>
         <size>0x48</size>
         <alignment>0x4</alignment>
         <input_file_ref idref="fl-b"/>
      </object_component>
      <object_component id="oc-3d">
         <name>.debug_frame</name>
         <load_address>0x580</load_address>
         <run_address>0x580</run_address>
         <size>0x44</size>
         <alignment>0x4</alignment>
         <input_file_ref idref="fl-b"/>
      </object_component>
      <object_component id="oc-18a">
         <name>.debug_frame</name>
         <load_address>0x5c4</load_address>
         <run_address>0x5c4</run_address>
         <size>0x40</size>
         <alignment>0x4</alignment>
         <input_file_ref idref="fl-c"/>
      </object_component>
      <object_component id="oc-17e">
         <name>.debug_frame</name>
         <load_address>0x604</load_address>
         <run_address>0x604</run_address>
         <size>0x40</size>
         <alignment>0x4</alignment>
         <input_file_ref idref="fl-c"/>
      </object_component>
      <object_component id="oc-1dc">
         <name>.debug_frame</name>
         <load_address>0x644</load_address>
         <run_address>0x644</run_address>
         <size>0x40</size>
         <alignment>0x4</alignment>
         <input_file_ref idref="fl-c"/>
      </object_component>
      <object_component id="oc-1e3">
         <name>.debug_frame</name>
         <load_address>0x684</load_address>
         <run_address>0x684</run_address>
         <size>0x44</size>
         <alignment>0x4</alignment>
         <input_file_ref idref="fl-c"/>
      </object_component>
      <object_component id="oc-1ca">
         <name>.debug_frame</name>
         <load_address>0x6c8</load_address>
         <run_address>0x6c8</run_address>
         <size>0x44</size>
         <alignment>0x4</alignment>
         <input_file_ref idref="fl-c"/>
      </object_component>
      <object_component id="oc-1b2">
         <name>.debug_frame</name>
         <load_address>0x70c</load_address>
         <run_address>0x70c</run_address>
         <size>0x44</size>
         <alignment>0x4</alignment>
         <input_file_ref idref="fl-c"/>
      </object_component>
      <object_component id="oc-1b8">
         <name>.debug_frame</name>
         <load_address>0x750</load_address>
         <run_address>0x750</run_address>
         <size>0x44</size>
         <alignment>0x4</alignment>
         <input_file_ref idref="fl-c"/>
      </object_component>
      <object_component id="oc-1d0">
         <name>.debug_frame</name>
         <load_address>0x794</load_address>
         <run_address>0x794</run_address>
         <size>0x44</size>
         <alignment>0x4</alignment>
         <input_file_ref idref="fl-c"/>
      </object_component>
      <object_component id="oc-1be">
         <name>.debug_frame</name>
         <load_address>0x7d8</load_address>
         <run_address>0x7d8</run_address>
         <size>0x44</size>
         <alignment>0x4</alignment>
         <input_file_ref idref="fl-c"/>
      </object_component>
      <object_component id="oc-1ef">
         <name>.debug_frame</name>
         <load_address>0x81c</load_address>
         <run_address>0x81c</run_address>
         <size>0x44</size>
         <alignment>0x4</alignment>
         <input_file_ref idref="fl-c"/>
      </object_component>
      <object_component id="oc-1c4">
         <name>.debug_frame</name>
         <load_address>0x860</load_address>
         <run_address>0x860</run_address>
         <size>0x44</size>
         <alignment>0x4</alignment>
         <input_file_ref idref="fl-c"/>
      </object_component>
      <object_component id="oc-1d6">
         <name>.debug_frame</name>
         <load_address>0x8a4</load_address>
         <run_address>0x8a4</run_address>
         <size>0x40</size>
         <alignment>0x4</alignment>
         <input_file_ref idref="fl-c"/>
      </object_component>
      <object_component id="oc-13c">
         <name>.debug_frame</name>
         <load_address>0x8e4</load_address>
         <run_address>0x8e4</run_address>
         <size>0x50</size>
         <alignment>0x4</alignment>
         <input_file_ref idref="fl-c"/>
      </object_component>
      <object_component id="oc-1a9">
         <name>.debug_frame</name>
         <load_address>0x934</load_address>
         <run_address>0x934</run_address>
         <size>0x44</size>
         <alignment>0x4</alignment>
         <input_file_ref idref="fl-c"/>
      </object_component>
      <object_component id="oc-184">
         <name>.debug_frame</name>
         <load_address>0x978</load_address>
         <run_address>0x978</run_address>
         <size>0x44</size>
         <alignment>0x4</alignment>
         <input_file_ref idref="fl-c"/>
      </object_component>
      <object_component id="oc-136">
         <name>.debug_frame</name>
         <load_address>0x9bc</load_address>
         <run_address>0x9bc</run_address>
         <size>0x44</size>
         <alignment>0x4</alignment>
         <input_file_ref idref="fl-c"/>
      </object_component>
      <object_component id="oc-6b">
         <name>.debug_frame</name>
         <load_address>0xa00</load_address>
         <run_address>0xa00</run_address>
         <size>0x40</size>
         <alignment>0x4</alignment>
         <input_file_ref idref="fl-1a"/>
      </object_component>
      <object_component id="oc-9a">
         <name>.debug_frame</name>
         <load_address>0xa40</load_address>
         <run_address>0xa40</run_address>
         <size>0x58</size>
         <alignment>0x4</alignment>
         <input_file_ref idref="fl-1b"/>
      </object_component>
      <object_component id="oc-27">
         <name>.debug_frame</name>
         <load_address>0xa98</load_address>
         <run_address>0xa98</run_address>
         <size>0x40</size>
         <alignment>0x4</alignment>
         <input_file_ref idref="fl-1d"/>
      </object_component>
      <object_component id="oc-25">
         <name>.debug_frame</name>
         <load_address>0xad8</load_address>
         <run_address>0xad8</run_address>
         <size>0x40</size>
         <alignment>0x4</alignment>
         <input_file_ref idref="fl-1e"/>
      </object_component>
      <object_component id="oc-78">
         <name>.debug_frame</name>
         <load_address>0xb18</load_address>
         <run_address>0xb18</run_address>
         <size>0x60</size>
         <alignment>0x4</alignment>
         <input_file_ref idref="fl-1f"/>
      </object_component>
      <object_component id="oc-11e">
         <name>.debug_frame</name>
         <load_address>0xb78</load_address>
         <run_address>0xb78</run_address>
         <size>0x70</size>
         <alignment>0x4</alignment>
         <input_file_ref idref="fl-20"/>
      </object_component>
      <object_component id="oc-72">
         <name>.debug_frame</name>
         <load_address>0xbe8</load_address>
         <run_address>0xbe8</run_address>
         <size>0x40</size>
         <alignment>0x4</alignment>
         <input_file_ref idref="fl-21"/>
      </object_component>
      <object_component id="oc-57">
         <name>.debug_frame</name>
         <load_address>0xc28</load_address>
         <run_address>0xc28</run_address>
         <size>0x40</size>
         <alignment>0x4</alignment>
         <input_file_ref idref="fl-24"/>
      </object_component>
      <object_component id="oc-e9">
         <name>.debug_frame</name>
         <load_address>0xc68</load_address>
         <run_address>0xc68</run_address>
         <size>0x40</size>
         <alignment>0x4</alignment>
         <input_file_ref idref="fl-25"/>
      </object_component>
      <object_component id="oc-115">
         <name>.debug_abbrev</name>
         <load_address>0x0</load_address>
         <run_address>0x0</run_address>
         <size>0x8b</size>
         <alignment>0x0</alignment>
         <input_file_ref idref="fl-2"/>
      </object_component>
      <object_component id="oc-166">
         <name>.debug_abbrev</name>
         <load_address>0x8b</load_address>
         <run_address>0x8b</run_address>
         <size>0x62</size>
         <alignment>0x0</alignment>
         <input_file_ref idref="fl-2"/>
      </object_component>
      <object_component id="oc-7f">
         <name>.debug_abbrev</name>
         <load_address>0xed</load_address>
         <run_address>0xed</run_address>
         <size>0x25</size>
         <alignment>0x0</alignment>
         <input_file_ref idref="fl-3"/>
      </object_component>
      <object_component id="oc-d8">
         <name>.debug_abbrev</name>
         <load_address>0x112</load_address>
         <run_address>0x112</run_address>
         <size>0x25</size>
         <alignment>0x0</alignment>
         <input_file_ref idref="fl-3"/>
      </object_component>
      <object_component id="oc-194">
         <name>.debug_abbrev</name>
         <load_address>0x137</load_address>
         <run_address>0x137</run_address>
         <size>0x28</size>
         <alignment>0x0</alignment>
         <input_file_ref idref="fl-4"/>
      </object_component>
      <object_component id="oc-153">
         <name>.debug_abbrev</name>
         <load_address>0x15f</load_address>
         <run_address>0x15f</run_address>
         <size>0x103</size>
         <alignment>0x0</alignment>
         <input_file_ref idref="fl-4"/>
      </object_component>
      <object_component id="oc-196">
         <name>.debug_abbrev</name>
         <load_address>0x262</load_address>
         <run_address>0x262</run_address>
         <size>0xa5</size>
         <alignment>0x0</alignment>
         <input_file_ref idref="fl-4"/>
      </object_component>
      <object_component id="oc-199">
         <name>.debug_abbrev</name>
         <load_address>0x307</load_address>
         <run_address>0x307</run_address>
         <size>0x5c</size>
         <alignment>0x0</alignment>
         <input_file_ref idref="fl-a"/>
      </object_component>
      <object_component id="oc-15e">
         <name>.debug_abbrev</name>
         <load_address>0x363</load_address>
         <run_address>0x363</run_address>
         <size>0x6a</size>
         <alignment>0x0</alignment>
         <input_file_ref idref="fl-a"/>
      </object_component>
      <object_component id="oc-15c">
         <name>.debug_abbrev</name>
         <load_address>0x3cd</load_address>
         <run_address>0x3cd</run_address>
         <size>0x6a</size>
         <alignment>0x0</alignment>
         <input_file_ref idref="fl-a"/>
      </object_component>
      <object_component id="oc-191">
         <name>.debug_abbrev</name>
         <load_address>0x437</load_address>
         <run_address>0x437</run_address>
         <size>0x6a</size>
         <alignment>0x0</alignment>
         <input_file_ref idref="fl-a"/>
      </object_component>
      <object_component id="oc-193">
         <name>.debug_abbrev</name>
         <load_address>0x4a1</load_address>
         <run_address>0x4a1</run_address>
         <size>0x6a</size>
         <alignment>0x0</alignment>
         <input_file_ref idref="fl-a"/>
      </object_component>
      <object_component id="oc-192">
         <name>.debug_abbrev</name>
         <load_address>0x50b</load_address>
         <run_address>0x50b</run_address>
         <size>0x5c</size>
         <alignment>0x0</alignment>
         <input_file_ref idref="fl-a"/>
      </object_component>
      <object_component id="oc-19a">
         <name>.debug_abbrev</name>
         <load_address>0x567</load_address>
         <run_address>0x567</run_address>
         <size>0x69</size>
         <alignment>0x0</alignment>
         <input_file_ref idref="fl-a"/>
      </object_component>
      <object_component id="oc-19d">
         <name>.debug_abbrev</name>
         <load_address>0x5d0</load_address>
         <run_address>0x5d0</run_address>
         <size>0x46</size>
         <alignment>0x0</alignment>
         <input_file_ref idref="fl-b"/>
      </object_component>
      <object_component id="oc-165">
         <name>.debug_abbrev</name>
         <load_address>0x616</load_address>
         <run_address>0x616</run_address>
         <size>0x54</size>
         <alignment>0x0</alignment>
         <input_file_ref idref="fl-b"/>
      </object_component>
      <object_component id="oc-82">
         <name>.debug_abbrev</name>
         <load_address>0x66a</load_address>
         <run_address>0x66a</run_address>
         <size>0x48</size>
         <alignment>0x0</alignment>
         <input_file_ref idref="fl-b"/>
      </object_component>
      <object_component id="oc-83">
         <name>.debug_abbrev</name>
         <load_address>0x6b2</load_address>
         <run_address>0x6b2</run_address>
         <size>0x3b</size>
         <alignment>0x0</alignment>
         <input_file_ref idref="fl-b"/>
      </object_component>
      <object_component id="oc-84">
         <name>.debug_abbrev</name>
         <load_address>0x6ed</load_address>
         <run_address>0x6ed</run_address>
         <size>0x3b</size>
         <alignment>0x0</alignment>
         <input_file_ref idref="fl-b"/>
      </object_component>
      <object_component id="oc-80">
         <name>.debug_abbrev</name>
         <load_address>0x728</load_address>
         <run_address>0x728</run_address>
         <size>0x51</size>
         <alignment>0x0</alignment>
         <input_file_ref idref="fl-b"/>
      </object_component>
      <object_component id="oc-d9">
         <name>.debug_abbrev</name>
         <load_address>0x779</load_address>
         <run_address>0x779</run_address>
         <size>0x44</size>
         <alignment>0x0</alignment>
         <input_file_ref idref="fl-b"/>
      </object_component>
      <object_component id="oc-1ab">
         <name>.debug_abbrev</name>
         <load_address>0x7bd</load_address>
         <run_address>0x7bd</run_address>
         <size>0x44</size>
         <alignment>0x0</alignment>
         <input_file_ref idref="fl-c"/>
      </object_component>
      <object_component id="oc-1a3">
         <name>.debug_abbrev</name>
         <load_address>0x801</load_address>
         <run_address>0x801</run_address>
         <size>0x46</size>
         <alignment>0x0</alignment>
         <input_file_ref idref="fl-c"/>
      </object_component>
      <object_component id="oc-1f1">
         <name>.debug_abbrev</name>
         <load_address>0x847</load_address>
         <run_address>0x847</run_address>
         <size>0x44</size>
         <alignment>0x0</alignment>
         <input_file_ref idref="fl-c"/>
      </object_component>
      <object_component id="oc-1f2">
         <name>.debug_abbrev</name>
         <load_address>0x88b</load_address>
         <run_address>0x88b</run_address>
         <size>0x5c</size>
         <alignment>0x0</alignment>
         <input_file_ref idref="fl-c"/>
      </object_component>
      <object_component id="oc-1e8">
         <name>.debug_abbrev</name>
         <load_address>0x8e7</load_address>
         <run_address>0x8e7</run_address>
         <size>0x68</size>
         <alignment>0x0</alignment>
         <input_file_ref idref="fl-c"/>
      </object_component>
      <object_component id="oc-1e4">
         <name>.debug_abbrev</name>
         <load_address>0x94f</load_address>
         <run_address>0x94f</run_address>
         <size>0x68</size>
         <alignment>0x0</alignment>
         <input_file_ref idref="fl-c"/>
      </object_component>
      <object_component id="oc-1e5">
[...]
      <memory_area display="yes" color="green">
         <name>RAMM1</name>
         <page_id>0x1</page_id>
         <origin>0x400</origin>
         <length>0x3f8</length>
         <used_space>0x200</used_space>
         <unused_space>0x1f8</unused_space>
         <attributes>RWIX</attributes>
         <usage_details>
            <allocated_space>
               <start_address>0x400</start_address>
               <size>0x200</size>
               <logical_group_ref idref="lg-7"/>
            </allocated_space>
            <available_space>
               <start_address>0x600</start_address>
               <size>0x1f8</size>
            </available_space>
         </usage_details>
      </memory_area>
      <memory_area display="yes" color="green">
         <name>RAMLS5</name>
         <page_id>0x1</page_id>
         <origin>0xa800</origin>
         <length>0x800</length>
         <used_space>0x18e</used_space>
         <unused_space>0x672</unused_space>
         <attributes>RWIX</attributes>
         <usage_details>
            <allocated_space>
               <start_address>0xa800</start_address>
               <size>0x17e</size>
               <logical_group_ref idref="lg-b"/>
            </allocated_space>
            <allocated_space>
               <start_address>0xa97e</start_address>
               <size>0x10</size>
               <logical_group_ref idref="lg-c"/>
            </allocated_space>
            <available_space>
               <start_address>0xa98e</start_address>
               <size>0x672</size>
            </available_space>
         </usage_details>
      </memory_area>
      <memory_area display="yes" color="green">
         <name>RAMD1</name>
         <page_id>0x1</page_id>
         <origin>0xb800</origin>
         <length>0x800</length>
         <used_space>0x0</used_space>
         <unused_space>0x800</unused_space>
         <attributes>RWIX</attributes>
         <usage_details>
         </usage_details>
      </memory_area>
      <memory_area display="yes" color="green">
         <name>RAMGS0</name>
         <page_id>0x1</page_id>
         <origin>0xc000</origin>
         <length>0x1000</length>
         <used_space>0x0</used_space>
         <unused_space>0x1000</unused_space>
         <attributes>RWIX</attributes>
         <usage_details>
         </usage_details>
      </memory_area>
      <memory_area display="yes" color="green">
         <name>RAMGS1</name>
         <page_id>0x1</page_id>
         <origin>0xd000</origin>
         <length>0x1000</length>
         <used_space>0x0</used_space>
         <unused_space>0x1000</unused_space>
         <attributes>RWIX</attributes>
         <usage_details>
         </usage_details>
      </memory_area>
      <memory_area display="yes" color="green">
         <name>RAMGS2</name>
         <page_id>0x1</page_id>
         <origin>0xe000</origin>
         <length>0x1000</length>
         <used_space>0x0</used_space>
         <unused_space>0x1000</unused_space>
         <attributes>RWIX</attributes>
         <usage_details>
         </usage_details>
      </memory_area>
      <memory_area display="yes" color="green">
         <name>RAMGS3</name>
         <page_id>0x1</page_id>
         <origin>0xf000</origin>
         <length>0x1000</length>
         <used_space>0x0</used_space>
         <unused_space>0x1000</unused_space>
         <attributes>RWIX</attributes>
         <usage_details>
         </usage_details>
      </memory_area>
      <memory_area display="yes" color="green">
         <name>RAMGS4</name>
         <page_id>0x1</page_id>
         <origin>0x10000</origin>
         <length>0x1000</length>
         <used_space>0x0</used_space>
         <unused_space>0x1000</unused_space>
         <attributes>RWIX</attributes>
         <usage_details>
         </usage_details>
      </memory_area>
      <memory_area display="yes" color="green">
         <name>RAMGS5</name>
         <page_id>0x1</page_id>
         <origin>0x11000</origin>
         <length>0x1000</length>
         <used_space>0x0</used_space>
         <unused_space>0x1000</unused_space>
         <attributes>RWIX</attributes>
         <usage_details>
         </usage_details>
      </memory_area>
      <memory_area display="yes" color="green">
         <name>RAMGS6</name>
         <page_id>0x1</page_id>
         <origin>0x12000</origin>
         <length>0x1000</length>
         <used_space>0x0</used_space>
         <unused_space>0x1000</unused_space>
         <attributes>RWIX</attributes>
         <usage_details>
         </usage_details>
      </memory_area>
      <memory_area display="yes" color="green">
         <name>RAMGS7</name>
         <page_id>0x1</page_id>
         <origin>0x13000</origin>
         <length>0x1000</length>
         <used_space>0x0</used_space>
         <unused_space>0x1000</unused_space>
         <attributes>RWIX</attributes>
         <usage_details>
         </usage_details>
      </memory_area>
      <memory_area display="yes" color="green">
         <name>RAMGS8</name>
         <page_id>0x1</page_id>
         <origin>0x14000</origin>
         <length>0x1000</length>
         <used_space>0x0</used_space>
         <unused_space>0x1000</unused_space>
         <attributes>RWIX</attributes>
         <usage_details>
         </usage_details>
      </memory_area>
      <memory_area display="yes" color="green">
         <name>RAMGS9</name>
         <page_id>0x1</page_id>
         <origin>0x15000</origin>
         <length>0x1000</length>
         <used_space>0x0</used_space>
         <unused_space>0x1000</unused_space>
         <attributes>RWIX</attributes>
         <usage_details>
         </usage_details>
      </memory_area>
      <memory_area display="yes" color="green">
         <name>RAMGS10</name>
         <page_id>0x1</page_id>
         <origin>0x16000</origin>
         <length>0x1000</length>
         <used_space>0x0</used_space>
         <unused_space>0x1000</unused_space>
         <attributes>RWIX</attributes>
         <usage_details>
         </usage_details>
      </memory_area>
      <memory_area display="yes" color="green">
         <name>RAMGS11</name>
         <page_id>0x1</page_id>
         <origin>0x17000</origin>
         <length>0x1000</length>
         <used_space>0x0</used_space>
         <unused_space>0x1000</unused_space>
         <attributes>RWIX</attributes>
         <usage_details>
         </usage_details>
      </memory_area>
      <memory_area display="yes" color="green">
         <name>RAMGS12</name>
         <page_id>0x1</page_id>
         <origin>0x18000</origin>
         <length>0x1000</length>
         <used_space>0x0</used_space>
         <unused_space>0x1000</unused_space>
         <attributes>RWIX</attributes>
         <usage_details>
         </usage_details>
      </memory_area>
      <memory_area display="yes" color="green">
         <name>RAMGS13</name>
         <page_id>0x1</page_id>
         <origin>0x19000</origin>
         <length>0x1000</length>
         <used_space>0x0</used_space>
         <unused_space>0x1000</unused_space>
         <attributes>RWIX</attributes>
         <usage_details>
         </usage_details>
      </memory_area>
      <memory_area display="yes" color="green">
         <name>RAMGS14</name>
         <page_id>0x1</page_id>
         <origin>0x1a000</origin>
         <length>0x1000</length>
         <used_space>0x0</used_space>
         <unused_space>0x1000</unused_space>
         <attributes>RWIX</attributes>
         <usage_details>
         </usage_details>
      </memory_area>
      <memory_area display="yes" color="green">
         <name>RAMGS15</name>
         <page_id>0x1</page_id>
         <origin>0x1b000</origin>
         <length>0xff8</length>
         <used_space>0x0</used_space>
         <unused_space>0xff8</unused_space>
         <attributes>RWIX</attributes>
         <usage_details>
         </usage_details>
      </memory_area>
      <memory_area display="yes" color="green">
         <name>CPU2TOCPU1RAM</name>
         <page_id>0x1</page_id>
         <origin>0x3f800</origin>
         <length>0x400</length>
         <used_space>0x0</used_space>
         <unused_space>0x400</unused_space>
         <attributes>RWIX</attributes>
         <usage_details>
         </usage_details>
      </memory_area>
      <memory_area display="yes" color="green">
         <name>CPU1TOCPU2RAM</name>
         <page_id>0x1</page_id>
         <origin>0x3fc00</origin>
         <length>0x400</length>
         <used_space>0x0</used_space>
         <unused_space>0x400</unused_space>
         <attributes>RWIX</attributes>
         <usage_details>
         </usage_details>
      </memory_area>
      <memory_area display="yes" color="green">
         <name>CANA_MSG_RAM</name>
         <page_id>0x1</page_id>
         <origin>0x49000</origin>
         <length>0x800</length>
         <used_space>0x0</used_space>
         <unused_space>0x800</unused_space>
         <attributes>RWIX</attributes>
         <usage_details>
         </usage_details>
      </memory_area>
      <memory_area display="yes" color="green">
         <name>CANB_MSG_RAM</name>
         <page_id>0x1</page_id>
         <origin>0x4b000</origin>
         <length>0x800</length>
         <used_space>0x0</used_space>
         <unused_space>0x800</unused_space>
         <attributes>RWIX</attributes>
         <usage_details>
         </usage_details>
      </memory_area>
   </placement_map>
   <cptbl_list>
      <cptbl>
         <name>__TI_cinit_table</name>
         <cprec>
            <name>.data</name>
            <load_address>0x128</load_address>
            <load_size>0xa</load_size>
            <run_address>0xa97e</run_address>
            <run_size>0x10</run_size>
            <compression>lzss</compression>
         </cprec>
      </cptbl>
   </cptbl_list>
   <handler_table>
      <handler_table_name>__TI_handler_table</handler_table_name>
      <handler>
         <index>0x0</index>
         <name>__TI_decompress_lzss</name>
      </handler>
      <handler>
         <index>0x1</index>
         <name>__TI_decompress_none</name>
      </handler>
   </handler_table>
   <symbol_table>
      <symbol id="sm-1">
         <name>__TI_CINIT_Base</name>
         <value>0x136</value>
      </symbol>
      <symbol id="sm-2">
         <name>__TI_CINIT_Limit</name>
         <value>0x13a</value>
      </symbol>
      <symbol id="sm-3">
         <name>__TI_CINIT_Warm</name>
         <value>0x13a</value>
      </symbol>
      <symbol id="sm-4">
         <name>__TI_Handler_Table_Base</name>
         <value>0x132</value>
      </symbol>
      <symbol id="sm-5">
         <name>__TI_Handler_Table_Limit</name>
         <value>0x136</value>
      </symbol>
      <symbol id="sm-6">
         <name>__TI_STACK_SIZE</name>
         <value>0x200</value>
      </symbol>
      <symbol id="sm-7">
         <name>__TI_STACK_END</name>
         <value>0x600</value>
      </symbol>
      <symbol id="sm-8">
         <name>__c_args__</name>
         <value>0xffffffff</value>
      </symbol>
      <symbol id="sm-9">
         <name>__TI_pprof_out_hndl</name>
         <value>0xffffffff</value>
      </symbol>
      <symbol id="sm-a">
         <name>__TI_prof_data_start</name>
         <value>0xffffffff</value>
      </symbol>
      <symbol id="sm-b">
         <name>__TI_prof_data_size</name>
         <value>0xffffffff</value>
      </symbol>
      <symbol id="sm-41">
         <name>main</name>
         <value>0x801a</value>
         <object_component_ref idref="oc-c8"/>
      </symbol>
      <symbol id="sm-50">
         <name>code_start</name>
         <value>0x0</value>
         <object_component_ref idref="oc-32"/>
      </symbol>
      <symbol id="sm-7e">
         <name>Device_enableAllPeripherals</name>
         <value>0xb0cc</value>
         <object_component_ref idref="oc-fc"/>
      </symbol>
      <symbol id="sm-7f">
         <name>Device_initGPIO</name>
         <value>0xb1b7</value>
         <object_component_ref idref="oc-fc"/>
      </symbol>
      <symbol id="sm-80">
         <name>Example_Fail</name>
         <value>0xa984</value>
         <object_component_ref idref="oc-150"/>
      </symbol>
      <symbol id="sm-81">
         <name>Example_setResultFail</name>
         <value>0xb3d5</value>
         <object_component_ref idref="oc-fc"/>
      </symbol>
      <symbol id="sm-82">
         <name>Device_bootCPU2</name>
         <value>0xb24f</value>
         <object_component_ref idref="oc-fc"/>
      </symbol>
      <symbol id="sm-83">
         <name>Device_init</name>
         <value>0xb0ae</value>
         <object_component_ref idref="oc-fc"/>
      </symbol>
      <symbol id="sm-84">
         <name>Example_Result</name>
         <value>0xa980</value>
         <object_component_ref idref="oc-150"/>
      </symbol>
      <symbol id="sm-85">
         <name>Device_enableUnbondedGPIOPullups</name>
         <value>0xb208</value>
         <object_component_ref idref="oc-fc"/>
      </symbol>
      <symbol id="sm-86">
         <name>__error__</name>
         <value>0xb3c9</value>
         <object_component_ref idref="oc-fc"/>
      </symbol>
      <symbol id="sm-87">
         <name>Example_setResultPass</name>
         <value>0xb3d0</value>
         <object_component_ref idref="oc-fc"/>
      </symbol>
      <symbol id="sm-88">
         <name>Device_configureTMXAnalogTrim</name>
         <value>0xb21e</value>
         <object_component_ref idref="oc-fc"/>
      </symbol>
      <symbol id="sm-89">
         <name>Device_enableUnbondedGPIOPullupsFor176Pin</name>
         <value>0xb1d8</value>
         <object_component_ref idref="oc-fc"/>
      </symbol>
      <symbol id="sm-8a">
         <name>Example_done</name>
         <value>0xb3da</value>
         <object_component_ref idref="oc-fc"/>
      </symbol>
      <symbol id="sm-8b">
         <name>Example_PassCount</name>
         <value>0xa982</value>
         <object_component_ref idref="oc-150"/>
      </symbol>
      <symbol id="sm-8c">
         <name>Device_enableUnbondedGPIOPullupsFor100Pin</name>
         <value>0xb1eb</value>
         <object_component_ref idref="oc-fc"/>
      </symbol>
      <symbol id="sm-ce">
         <name>GPIO_setQualificationMode</name>
         <value>0x80f1</value>
         <object_component_ref idref="oc-13e"/>
      </symbol>
      <symbol id="sm-cf">
         <name>GPIO_setPadConfig</name>
         <value>0xb764</value>
         <object_component_ref idref="oc-102"/>
      </symbol>
      <symbol id="sm-d0">
         <name>GPIO_setDirectionMode</name>
         <value>0x8128</value>
         <object_component_ref idref="oc-108"/>
      </symbol>
      <symbol id="sm-d1">
         <name>GPIO_setPinConfig</name>
         <value>0x80ba</value>
         <object_component_ref idref="oc-144"/>
      </symbol>
      <symbol id="sm-d2">
         <name>GPIO_setControllerCore</name>
         <value>0x8083</value>
         <object_component_ref idref="oc-14a"/>
      </symbol>
      <symbol id="sm-10c">
         <name>Interrupt_defaultHandler</name>
         <value>0x82a8</value>
         <object_component_ref idref="oc-37"/>
      </symbol>
      <symbol id="sm-10d">
         <name>Interrupt_initModule</name>
         <value>0x8046</value>
         <object_component_ref idref="oc-10e"/>
      </symbol>
      <symbol id="sm-10e">
         <name>Interrupt_nmiHandler</name>
         <value>0x8358</value>
         <object_component_ref idref="oc-49"/>
      </symbol>
      <symbol id="sm-10f">
         <name>Interrupt_initVectorTable</name>
         <value>0x8242</value>
         <object_component_ref idref="oc-38"/>
      </symbol>
      <symbol id="sm-110">
         <name>Interrupt_illegalOperationHandler</name>
         <value>0x834e</value>
         <object_component_ref idref="oc-43"/>
      </symbol>
      <symbol id="sm-1d4">
         <name>SysCtl_delay</name>
         <value>0x123</value>
         <object_component_ref idref="oc-114"/>
      </symbol>
      <symbol id="sm-1d5">
         <name>SysCtl_getDeviceParametric</name>
         <value>0xb6fc</value>
         <object_component_ref idref="oc-132"/>
      </symbol>
      <symbol id="sm-1d6">
         <name>SysCtl_selectXTAL</name>
         <value>0xb5e4</value>
         <object_component_ref idref="oc-1a4"/>
      </symbol>
      <symbol id="sm-1d7">
         <name>SysCtl_selectOscSource</name>
         <value>0xb7b6</value>
         <object_component_ref idref="oc-17f"/>
      </symbol>
      <symbol id="sm-1d8">
         <name>SysCtl_setClock</name>
         <value>0xb3db</value>
         <object_component_ref idref="oc-138"/>
      </symbol>
      <symbol id="sm-1e2">
         <name>_c_int00</name>
         <value>0x8291</value>
         <object_component_ref idref="oc-2d"/>
      </symbol>
      <symbol id="sm-1e3">
         <name>__stack</name>
         <value>0x400</value>
         <object_component_ref idref="oc-4f"/>
      </symbol>
      <symbol id="sm-1f0">
         <name>__c28xabi_divf</name>
         <value>0xb674</value>
         <object_component_ref idref="oc-18b"/>
      </symbol>
      <symbol id="sm-1fd">
         <name>_system_pre_init</name>
         <value>0xb7fe</value>
         <object_component_ref idref="oc-66"/>
      </symbol>
      <symbol id="sm-20c">
         <name>__TI_auto_init_nobinit_nopinit</name>
         <value>0x8187</value>
         <object_component_ref idref="oc-98"/>
      </symbol>
      <symbol id="sm-21a">
         <name>__TI_decompress_none</name>
         <value>0x837c</value>
         <object_component_ref idref="oc-26"/>
      </symbol>
      <symbol id="sm-22e">
         <name>__TI_decompress_lzss</name>
         <value>0x8159</value>
         <object_component_ref idref="oc-20"/>
      </symbol>
      <symbol id="sm-244">
         <name>C$$EXIT</name>
         <value>0x81b2</value>
         <object_component_ref idref="oc-73"/>
      </symbol>
      <symbol id="sm-245">
         <name>abort</name>
         <value>0x81b2</value>
         <object_component_ref idref="oc-73"/>
      </symbol>
      <symbol id="sm-246">
         <name>exit</name>
         <value>0x81b4</value>
         <object_component_ref idref="oc-73"/>
      </symbol>
      <symbol id="sm-247">
         <name>__TI_dtors_ptr</name>
         <value>0xa98a</value>
         <object_component_ref idref="oc-d0"/>
      </symbol>
      <symbol id="sm-248">
         <name>__TI_cleanup_ptr</name>
         <value>0xa988</value>
         <object_component_ref idref="oc-d0"/>
      </symbol>
      <symbol id="sm-249">
         <name>__TI_enable_exit_profile_output</name>
         <value>0xa986</value>
         <object_component_ref idref="oc-d0"/>
      </symbol>
      <symbol id="sm-260">
         <name>_nop</name>
         <value>0x8373</value>
         <object_component_ref idref="oc-11c"/>
      </symbol>
      <symbol id="sm-261">
         <name>_lock</name>
         <value>0xa97e</value>
         <object_component_ref idref="oc-d3"/>
      </symbol>
      <symbol id="sm-262">
         <name>_unlock</name>
         <value>0xa98c</value>
         <object_component_ref idref="oc-169"/>
      </symbol>
      <symbol id="sm-263">
         <name>_register_lock</name>
         <value>0x836f</value>
         <object_component_ref idref="oc-11c"/>
      </symbol>
      <symbol id="sm-264">
         <name>_register_unlock</name>
         <value>0x836b</value>
         <object_component_ref idref="oc-11c"/>
      </symbol>
      <symbol id="sm-273">
         <name>_args_main</name>
         <value>0x82f6</value>
         <object_component_ref idref="oc-6d"/>
      </symbol>
      <symbol id="sm-287">
         <name>memcpy</name>
         <value>0x8203</value>
         <object_component_ref idref="oc-52"/>
      </symbol>
      <symbol id="sm-294">
         <name>_system_post_cinit</name>
         <value>0x838b</value>
         <object_component_ref idref="oc-e7"/>
      </symbol>
   </symbol_table>
   <title>Link successful</title>
</link_info>
