<?xml version="1.0" encoding="ISO-8859-1" ?>
<link_info>
   <banner>TMS320C2000 Linker PC v25.11.1.LTS</banner>
   <copyright>Copyright (c) 1996-2018 Texas Instruments Incorporated</copyright>
   <command_line>C:\ti\ccs2100\ccs\tools\compiler\ti-cgt-c2000_25.11.1.LTS\bin\lnk2000.exe -lC:\\Users\\62519\\AppData\\Local\\Temp\\{EAFE152F-E778-4917-8BE5-45511914CBCA}</command_line>
   <link_time>0x6a992f2b</link_time>
   <link_errors>0x0</link_errors>
   <output_file>C:\Users\62519\workspace_ccstheia\28377d_driverlib_PRJ_LED\FLASH\28377d_driverlib_PRJ.out</output_file>
   <entry_point>
      <name>_c_int00</name>
      <address>0x82f7f</address>
   </entry_point>
   <input_file_list>
      <input_file id="fl-2">
         <path>C:\Users\62519\workspace_ccstheia\28377d_driverlib_PRJ_LED\FLASH\.\APP\</path>
         <kind>object</kind>
         <file>main.obj</file>
         <name>main.obj</name>
      </input_file>
      <input_file id="fl-3">
         <path>C:\Users\62519\workspace_ccstheia\28377d_driverlib_PRJ_LED\FLASH\.\BSP\</path>
         <kind>object</kind>
         <file>BSP_IO.obj</file>
         <name>BSP_IO.obj</name>
      </input_file>
      <input_file id="fl-4">
         <path>C:\Users\62519\workspace_ccstheia\28377d_driverlib_PRJ_LED\FLASH\.\BSP\</path>
         <kind>object</kind>
         <file>BSP_SCI.obj</file>
         <name>BSP_SCI.obj</name>
      </input_file>
      <input_file id="fl-5">
         <path>C:\Users\62519\workspace_ccstheia\28377d_driverlib_PRJ_LED\FLASH\.\device\</path>
         <kind>object</kind>
         <file>F2837xD_CodeStartBranch.obj</file>
         <name>F2837xD_CodeStartBranch.obj</name>
      </input_file>
      <input_file id="fl-6">
         <path>C:\Users\62519\workspace_ccstheia\28377d_driverlib_PRJ_LED\FLASH\.\device\</path>
         <kind>object</kind>
         <file>device.obj</file>
         <name>device.obj</name>
      </input_file>
      <input_file id="fl-b">
         <path>C:\Users\62519\workspace_ccstheia\28377d_driverlib_PRJ_LED\FLASH\</path>
         <kind>object</kind>
         <file>&lt;internal&gt;</file>
         <name>&lt;internal&gt;</name>
      </input_file>
      <input_file id="fl-c">
         <path>C:\Users\62519\workspace_ccstheia\28377d_driverlib_PRJ_LED\FLASH\..\</path>
         <kind>archive</kind>
         <file>driverlib_eabi.lib</file>
         <name>flash.obj</name>
      </input_file>
      <input_file id="fl-d">
         <path>C:\Users\62519\workspace_ccstheia\28377d_driverlib_PRJ_LED\FLASH\..\</path>
         <kind>archive</kind>
         <file>driverlib_eabi.lib</file>
         <name>gpio.obj</name>
      </input_file>
      <input_file id="fl-e">
         <path>C:\Users\62519\workspace_ccstheia\28377d_driverlib_PRJ_LED\FLASH\..\</path>
         <kind>archive</kind>
         <file>driverlib_eabi.lib</file>
         <name>interrupt.obj</name>
      </input_file>
      <input_file id="fl-f">
         <path>C:\Users\62519\workspace_ccstheia\28377d_driverlib_PRJ_LED\FLASH\..\</path>
         <kind>archive</kind>
         <file>driverlib_eabi.lib</file>
         <name>sci.obj</name>
      </input_file>
      <input_file id="fl-10">
         <path>C:\Users\62519\workspace_ccstheia\28377d_driverlib_PRJ_LED\FLASH\..\</path>
         <kind>archive</kind>
         <file>driverlib_eabi.lib</file>
         <name>sysctl.obj</name>
      </input_file>
      <input_file id="fl-1c">
         <path>C:\ti\ccs2100\ccs\tools\compiler\ti-cgt-c2000_25.11.1.LTS\lib\</path>
         <kind>archive</kind>
         <file>rts2800_fpu32_eabi.lib</file>
         <name>boot28.asm.obj</name>
      </input_file>
      <input_file id="fl-1d">
         <path>C:\ti\ccs2100\ccs\tools\compiler\ti-cgt-c2000_25.11.1.LTS\lib\</path>
         <kind>archive</kind>
         <file>rts2800_fpu32_eabi.lib</file>
         <name>fs_div28.asm.obj</name>
      </input_file>
      <input_file id="fl-1e">
         <path>C:\ti\ccs2100\ccs\tools\compiler\ti-cgt-c2000_25.11.1.LTS\lib\</path>
         <kind>archive</kind>
         <file>rts2800_fpu32_eabi.lib</file>
         <name>memcpy.c.obj</name>
      </input_file>
      <input_file id="fl-1f">
         <path>C:\ti\ccs2100\ccs\tools\compiler\ti-cgt-c2000_25.11.1.LTS\lib\</path>
         <kind>archive</kind>
         <file>rts2800_fpu32_eabi.lib</file>
         <name>pre_init.c.obj</name>
      </input_file>
      <input_file id="fl-20">
         <path>C:\ti\ccs2100\ccs\tools\compiler\ti-cgt-c2000_25.11.1.LTS\lib\</path>
         <kind>archive</kind>
         <file>rts2800_fpu32_eabi.lib</file>
         <name>autoinit.c.obj</name>
      </input_file>
      <input_file id="fl-21">
         <path>C:\ti\ccs2100\ccs\tools\compiler\ti-cgt-c2000_25.11.1.LTS\lib\</path>
         <kind>archive</kind>
         <file>rts2800_fpu32_eabi.lib</file>
         <name>copy_zero_init.c.obj</name>
      </input_file>
      <input_file id="fl-22">
         <path>C:\ti\ccs2100\ccs\tools\compiler\ti-cgt-c2000_25.11.1.LTS\lib\</path>
         <kind>archive</kind>
         <file>rts2800_fpu32_eabi.lib</file>
         <name>copy_decompress_none.c.obj</name>
      </input_file>
      <input_file id="fl-23">
         <path>C:\ti\ccs2100\ccs\tools\compiler\ti-cgt-c2000_25.11.1.LTS\lib\</path>
         <kind>archive</kind>
         <file>rts2800_fpu32_eabi.lib</file>
         <name>copy_decompress_lzss.c.obj</name>
      </input_file>
      <input_file id="fl-24">
         <path>C:\ti\ccs2100\ccs\tools\compiler\ti-cgt-c2000_25.11.1.LTS\lib\</path>
         <kind>archive</kind>
         <file>rts2800_fpu32_eabi.lib</file>
         <name>exit.c.obj</name>
      </input_file>
      <input_file id="fl-25">
         <path>C:\ti\ccs2100\ccs\tools\compiler\ti-cgt-c2000_25.11.1.LTS\lib\</path>
         <kind>archive</kind>
         <file>rts2800_fpu32_eabi.lib</file>
         <name>_lock.c.obj</name>
      </input_file>
      <input_file id="fl-26">
         <path>C:\ti\ccs2100\ccs\tools\compiler\ti-cgt-c2000_25.11.1.LTS\lib\</path>
         <kind>archive</kind>
         <file>rts2800_fpu32_eabi.lib</file>
         <name>args_main.c.obj</name>
      </input_file>
      <input_file id="fl-27">
         <path>C:\ti\ccs2100\ccs\tools\compiler\ti-cgt-c2000_25.11.1.LTS\lib\</path>
         <kind>archive</kind>
         <file>rts2800_fpu32_eabi.lib</file>
         <name>memset.c.obj</name>
      </input_file>
      <input_file id="fl-28">
         <path>C:\ti\ccs2100\ccs\tools\compiler\ti-cgt-c2000_25.11.1.LTS\lib\</path>
         <kind>archive</kind>
         <file>rts2800_fpu32_eabi.lib</file>
         <name>cpy_tbl.c.obj</name>
      </input_file>
      <input_file id="fl-29">
         <path>C:\ti\ccs2100\ccs\tools\compiler\ti-cgt-c2000_25.11.1.LTS\lib\</path>
         <kind>archive</kind>
         <file>rts2800_fpu32_eabi.lib</file>
         <name>startup.c.obj</name>
      </input_file>
   </input_file_list>
   <object_component_list>
      <object_component id="oc-303">
         <name>.cinit..data.load</name>
         <load_address>0x830e0</load_address>
         <readonly>true</readonly>
         <run_address>0x830e0</run_address>
         <size>0xa</size>
         <alignment>0x1</alignment>
      </object_component>
      <object_component id="oc-300">
         <name>__TI_handler_table</name>
         <load_address>0x830ea</load_address>
         <readonly>true</readonly>
         <run_address>0x830ea</run_address>
         <size>0x6</size>
         <alignment>0x2</alignment>
      </object_component>
      <object_component id="oc-302">
         <name>.cinit..bss.load</name>
         <load_address>0x830f0</load_address>
         <readonly>true</readonly>
         <run_address>0x830f0</run_address>
         <size>0x4</size>
         <alignment>0x2</alignment>
      </object_component>
      <object_component id="oc-301">
         <name>__TI_cinit_table</name>
         <load_address>0x830f4</load_address>
         <readonly>true</readonly>
         <run_address>0x830f4</run_address>
         <size>0x8</size>
         <alignment>0x2</alignment>
      </object_component>
      <object_component id="oc-128">
         <name>.text</name>
         <load_address>0x82000</load_address>
         <readonly>true</readonly>
         <executable>true</executable>
         <run_address>0x82000</run_address>
         <size>0x3da</size>
         <alignment>0x1</alignment>
         <input_file_ref idref="fl-6"/>
      </object_component>
      <object_component id="oc-19f">
         <name>.text:SysCtl_setClock</name>
         <load_address>0x823da</load_address>
         <readonly>true</readonly>
         <executable>true</executable>
         <run_address>0x823da</run_address>
         <size>0x209</size>
         <alignment>0x1</alignment>
         <input_file_ref idref="fl-10"/>
      </object_component>
      <object_component id="oc-3d">
         <name>.text</name>
         <load_address>0x825e3</load_address>
         <readonly>true</readonly>
         <executable>true</executable>
         <run_address>0x825e3</run_address>
         <size>0x185</size>
         <alignment>0x1</alignment>
         <input_file_ref idref="fl-3"/>
      </object_component>
      <object_component id="oc-176">
         <name>.text</name>
         <load_address>0x82768</load_address>
         <readonly>true</readonly>
         <executable>true</executable>
         <run_address>0x82768</run_address>
         <size>0xdd</size>
         <alignment>0x1</alignment>
         <input_file_ref idref="fl-4"/>
      </object_component>
      <object_component id="oc-3c">
         <name>.text:retain</name>
         <load_address>0x82845</load_address>
         <readonly>true</readonly>
         <executable>true</executable>
         <run_address>0x82845</run_address>
         <size>0xc9</size>
         <alignment>0x1</alignment>
         <input_file_ref idref="fl-3"/>
      </object_component>
      <object_component id="oc-274">
         <name>.text:SysCtl_selectXTAL</name>
         <load_address>0x8290e</load_address>
         <readonly>true</readonly>
         <executable>true</executable>
         <run_address>0x8290e</run_address>
         <size>0x90</size>
         <alignment>0x1</alignment>
         <input_file_ref idref="fl-10"/>
      </object_component>
      <object_component id="oc-230">
         <name>.text</name>
         <load_address>0x8299e</load_address>
         <readonly>true</readonly>
         <executable>true</executable>
         <run_address>0x8299e</run_address>
         <size>0x88</size>
         <alignment>0x1</alignment>
         <input_file_ref idref="fl-1d"/>
      </object_component>
      <object_component id="oc-111">
         <name>.text</name>
         <load_address>0x82a26</load_address>
         <readonly>true</readonly>
         <executable>true</executable>
         <run_address>0x82a26</run_address>
         <size>0x74</size>
         <alignment>0x1</alignment>
         <input_file_ref idref="fl-2"/>
      </object_component>
      <object_component id="oc-199">
         <name>.text:SysCtl_getDeviceParametric</name>
         <load_address>0x82a9a</load_address>
         <readonly>true</readonly>
         <executable>true</executable>
         <run_address>0x82a9a</run_address>
         <size>0x68</size>
         <alignment>0x1</alignment>
         <input_file_ref idref="fl-10"/>
      </object_component>
      <object_component id="oc-9c">
         <name>.text:GPIO_setPadConfig</name>
         <load_address>0x82b02</load_address>
         <readonly>true</readonly>
         <executable>true</executable>
         <run_address>0x82b02</run_address>
         <size>0x52</size>
         <alignment>0x1</alignment>
         <input_file_ref idref="fl-d"/>
      </object_component>
      <object_component id="oc-223">
         <name>.text:SysCtl_selectOscSource</name>
         <load_address>0x82b54</load_address>
         <readonly>true</readonly>
         <executable>true</executable>
         <run_address>0x82b54</run_address>
         <size>0x48</size>
         <alignment>0x1</alignment>
         <input_file_ref idref="fl-10"/>
      </object_component>
      <object_component id="oc-1bb">
         <name>.text:SCI_clearInterruptStatus</name>
         <load_address>0x82b9c</load_address>
         <readonly>true</readonly>
         <executable>true</executable>
         <run_address>0x82b9c</run_address>
         <size>0x45</size>
         <alignment>0x1</alignment>
         <input_file_ref idref="fl-f"/>
      </object_component>
      <object_component id="oc-1c1">
         <name>.text:SCI_setConfig</name>
         <load_address>0x82be1</load_address>
         <readonly>true</readonly>
         <executable>true</executable>
         <run_address>0x82be1</run_address>
         <size>0x3e</size>
         <alignment>0x1</alignment>
         <input_file_ref idref="fl-f"/>
      </object_component>
      <object_component id="oc-170">
         <name>.text:Interrupt_initModule</name>
         <load_address>0x82c1f</load_address>
         <readonly>true</readonly>
         <executable>true</executable>
         <run_address>0x82c1f</run_address>
         <size>0x3d</size>
         <alignment>0x1</alignment>
         <input_file_ref idref="fl-e"/>
      </object_component>
      <object_component id="oc-a8">
         <name>.text:GPIO_setQualificationPeriod</name>
         <load_address>0x82c5c</load_address>
         <readonly>true</readonly>
         <executable>true</executable>
         <run_address>0x82c5c</run_address>
         <size>0x39</size>
         <alignment>0x1</alignment>
         <input_file_ref idref="fl-d"/>
      </object_component>
      <object_component id="oc-90">
         <name>.text:GPIO_setControllerCore</name>
         <load_address>0x82c95</load_address>
         <readonly>true</readonly>
         <executable>true</executable>
         <run_address>0x82c95</run_address>
         <size>0x37</size>
         <alignment>0x1</alignment>
         <input_file_ref idref="fl-d"/>
      </object_component>
      <object_component id="oc-96">
         <name>.text:GPIO_setPinConfig</name>
         <load_address>0x82ccc</load_address>
         <readonly>true</readonly>
         <executable>true</executable>
         <run_address>0x82ccc</run_address>
         <size>0x37</size>
         <alignment>0x1</alignment>
         <input_file_ref idref="fl-d"/>
      </object_component>
      <object_component id="oc-ae">
         <name>.text:GPIO_setQualificationMode</name>
         <load_address>0x82d03</load_address>
         <readonly>true</readonly>
         <executable>true</executable>
         <run_address>0x82d03</run_address>
         <size>0x37</size>
         <alignment>0x1</alignment>
         <input_file_ref idref="fl-d"/>
      </object_component>
      <object_component id="oc-ba">
         <name>.text:Interrupt_enable</name>
         <load_address>0x82d3a</load_address>
         <readonly>true</readonly>
         <executable>true</executable>
         <run_address>0x82d3a</run_address>
         <size>0x37</size>
         <alignment>0x1</alignment>
         <input_file_ref idref="fl-e"/>
      </object_component>
      <object_component id="oc-b4">
         <name>.text:GPIO_setInterruptPin</name>
         <load_address>0x82d71</load_address>
         <readonly>true</readonly>
         <executable>true</executable>
         <run_address>0x82d71</run_address>
         <size>0x34</size>
         <alignment>0x1</alignment>
         <input_file_ref idref="fl-d"/>
      </object_component>
      <object_component id="oc-a2">
         <name>.text:GPIO_setDirectionMode</name>
         <load_address>0x82da5</load_address>
         <readonly>true</readonly>
         <executable>true</executable>
         <run_address>0x82da5</run_address>
         <size>0x31</size>
         <alignment>0x1</alignment>
         <input_file_ref idref="fl-d"/>
      </object_component>
      <object_component id="oc-24">
         <name>.text:decompress:lzss</name>
         <load_address>0x82dd6</load_address>
         <readonly>true</readonly>
         <executable>true</executable>
         <run_address>0x82dd6</run_address>
         <size>0x2e</size>
         <alignment>0x1</alignment>
         <input_file_ref idref="fl-23"/>
      </object_component>
      <object_component id="oc-e1">
         <name>.text:__TI_auto_init_nobinit_nopinit</name>
         <load_address>0x82e04</load_address>
         <readonly>true</readonly>
         <executable>true</executable>
         <run_address>0x82e04</run_address>
         <size>0x2b</size>
         <alignment>0x1</alignment>
         <input_file_ref idref="fl-20"/>
      </object_component>
      <object_component id="oc-89">
         <name>.text</name>
         <load_address>0x82e2f</load_address>
         <readonly>true</readonly>
         <executable>true</executable>
         <run_address>0x82e2f</run_address>
         <size>0x29</size>
         <alignment>0x1</alignment>
         <input_file_ref idref="fl-24"/>
      </object_component>
      <object_component id="oc-296">
         <name>.text:CPUTimer_selectClockSource</name>
         <load_address>0x82e58</load_address>
         <readonly>true</readonly>
         <executable>true</executable>
         <run_address>0x82e58</run_address>
         <size>0x28</size>
         <alignment>0x1</alignment>
         <input_file_ref idref="fl-10"/>
      </object_component>
      <object_component id="oc-1e2">
         <name>.text:Flash_setBankPowerUpDelay</name>
         <load_address>0x82e80</load_address>
         <readonly>true</readonly>
         <executable>true</executable>
         <run_address>0x82e80</run_address>
         <size>0x26</size>
         <alignment>0x1</alignment>
         <input_file_ref idref="fl-c"/>
      </object_component>
      <object_component id="oc-68">
         <name>.text</name>
         <load_address>0x82ea6</load_address>
         <readonly>true</readonly>
         <executable>true</executable>
         <run_address>0x82ea6</run_address>
         <size>0x20</size>
         <alignment>0x1</alignment>
         <input_file_ref idref="fl-1e"/>
      </object_component>
      <object_component id="oc-2c1">
         <name>.text:CPUTimer_getTimerOverflowStatus</name>
         <load_address>0x82ec6</load_address>
         <readonly>true</readonly>
         <executable>true</executable>
         <run_address>0x82ec6</run_address>
         <size>0x1f</size>
         <alignment>0x1</alignment>
         <input_file_ref idref="fl-10"/>
      </object_component>
      <object_component id="oc-52">
         <name>.text:Interrupt_initVectorTable</name>
         <load_address>0x82ee5</load_address>
         <readonly>true</readonly>
         <executable>true</executable>
         <run_address>0x82ee5</run_address>
         <size>0x1e</size>
         <alignment>0x1</alignment>
         <input_file_ref idref="fl-e"/>
      </object_component>
      <object_component id="oc-241">
         <name>.text:SCI_isBaseValid</name>
         <load_address>0x82f03</load_address>
         <readonly>true</readonly>
         <executable>true</executable>
         <run_address>0x82f03</run_address>
         <size>0x1b</size>
         <alignment>0x1</alignment>
         <input_file_ref idref="fl-f"/>
      </object_component>
      <object_component id="oc-2a2">
         <name>.text:CPUTimer_startTimer</name>
         <load_address>0x82f1e</load_address>
         <readonly>true</readonly>
         <executable>true</executable>
         <run_address>0x82f1e</run_address>
         <size>0x1a</size>
         <alignment>0x1</alignment>
         <input_file_ref idref="fl-10"/>
      </object_component>
      <object_component id="oc-250">
         <name>.text:SCI_disableModule</name>
         <load_address>0x82f38</load_address>
         <readonly>true</readonly>
         <executable>true</executable>
         <run_address>0x82f38</run_address>
         <size>0x18</size>
         <alignment>0x1</alignment>
         <input_file_ref idref="fl-f"/>
      </object_component>
      <object_component id="oc-248">
         <name>.text:SCI_performSoftwareReset</name>
         <load_address>0x82f50</load_address>
         <readonly>true</readonly>
         <executable>true</executable>
         <run_address>0x82f50</run_address>
         <size>0x18</size>
         <alignment>0x1</alignment>
         <input_file_ref idref="fl-f"/>
      </object_component>
      <object_component id="oc-2b5">
         <name>.text:CPUTimer_isBaseValid</name>
         <load_address>0x82f68</load_address>
         <readonly>true</readonly>
         <executable>true</executable>
         <run_address>0x82f68</run_address>
         <size>0x17</size>
         <alignment>0x1</alignment>
         <input_file_ref idref="fl-10"/>
      </object_component>
      <object_component id="oc-31">
         <name>.text</name>
         <load_address>0x82f7f</load_address>
         <readonly>true</readonly>
         <executable>true</executable>
         <run_address>0x82f7f</run_address>
         <size>0x17</size>
         <alignment>0x1</alignment>
         <input_file_ref idref="fl-1c"/>
      </object_component>
      <object_component id="oc-4d">
         <name>.text:Interrupt_defaultHandler</name>
         <load_address>0x82f96</load_address>
         <readonly>true</readonly>
         <executable>true</executable>
         <run_address>0x82f96</run_address>
         <size>0x16</size>
         <alignment>0x1</alignment>
         <input_file_ref idref="fl-e"/>
      </object_component>
      <object_component id="oc-135">
         <name>.text:XBAR_setInputPin</name>
         <load_address>0x82fac</load_address>
         <readonly>true</readonly>
         <executable>true</executable>
         <run_address>0x82fac</run_address>
         <size>0x16</size>
         <alignment>0x1</alignment>
         <input_file_ref idref="fl-d"/>
      </object_component>
      <object_component id="oc-28a">
         <name>.text:CPUTimer_stopTimer</name>
         <load_address>0x82fc2</load_address>
         <readonly>true</readonly>
         <executable>true</executable>
         <run_address>0x82fc2</run_address>
         <size>0x14</size>
         <alignment>0x1</alignment>
         <input_file_ref idref="fl-10"/>
      </object_component>
      <object_component id="oc-256">
         <name>.text:SCI_enableModule</name>
         <load_address>0x82fd6</load_address>
         <readonly>true</readonly>
         <executable>true</executable>
         <run_address>0x82fd6</run_address>
         <size>0x13</size>
         <alignment>0x1</alignment>
         <input_file_ref idref="fl-f"/>
      </object_component>
      <object_component id="oc-29c">
         <name>.text:CPUTimer_clearOverflowFlag</name>
         <load_address>0x82fe9</load_address>
         <readonly>true</readonly>
         <executable>true</executable>
         <run_address>0x82fe9</run_address>
         <size>0x12</size>
         <alignment>0x1</alignment>
         <input_file_ref idref="fl-10"/>
      </object_component>
      <object_component id="oc-284">
         <name>.text:CPUTimer_disableInterrupt</name>
         <load_address>0x82ffb</load_address>
         <readonly>true</readonly>
         <executable>true</executable>
         <run_address>0x82ffb</run_address>
         <size>0x12</size>
         <alignment>0x1</alignment>
         <input_file_ref idref="fl-10"/>
      </object_component>
      <object_component id="oc-83">
         <name>.text</name>
         <load_address>0x8300d</load_address>
         <readonly>true</readonly>
         <executable>true</executable>
         <run_address>0x8300d</run_address>
         <size>0x12</size>
         <alignment>0x1</alignment>
         <input_file_ref idref="fl-26"/>
      </object_component>
      <object_component id="oc-290">
         <name>.text:CPUTimer_setPeriod</name>
         <load_address>0x8301f</load_address>
         <readonly>true</readonly>
         <executable>true</executable>
         <run_address>0x8301f</run_address>
         <size>0x11</size>
         <alignment>0x1</alignment>
         <input_file_ref idref="fl-10"/>
      </object_component>
      <object_component id="oc-1d5">
         <name>.text:Flash_isCtrlBaseValid</name>
         <load_address>0x83030</load_address>
         <readonly>true</readonly>
         <executable>true</executable>
         <run_address>0x83030</run_address>
         <size>0x10</size>
         <alignment>0x1</alignment>
         <input_file_ref idref="fl-c"/>
      </object_component>
      <object_component id="oc-1dc">
         <name>.text:Flash_isECCBaseValid</name>
         <load_address>0x83040</load_address>
         <readonly>true</readonly>
         <executable>true</executable>
         <run_address>0x83040</run_address>
         <size>0x10</size>
         <alignment>0x1</alignment>
         <input_file_ref idref="fl-c"/>
      </object_component>
      <object_component id="oc-2a8">
         <name>.text:SysCtl_pollCpuTimer</name>
         <load_address>0x83050</load_address>
         <readonly>true</readonly>
         <executable>true</executable>
         <run_address>0x83050</run_address>
         <size>0xf</size>
         <alignment>0x1</alignment>
         <input_file_ref idref="fl-10"/>
      </object_component>
      <object_component id="oc-121">
         <name>.text:GPIO_isPinValid</name>
         <load_address>0x8305f</load_address>
         <readonly>true</readonly>
         <executable>true</executable>
         <run_address>0x8305f</run_address>
         <size>0xe</size>
         <alignment>0x1</alignment>
         <input_file_ref idref="fl-d"/>
      </object_component>
      <object_component id="oc-13c">
         <name>.text:Interrupt_disableGlobal</name>
         <load_address>0x8306d</load_address>
         <readonly>true</readonly>
         <executable>true</executable>
         <run_address>0x8306d</run_address>
         <size>0xd</size>
         <alignment>0x1</alignment>
         <input_file_ref idref="fl-e"/>
      </object_component>
      <object_component id="oc-142">
         <name>.text:Interrupt_enableGlobal</name>
         <load_address>0x8307a</load_address>
         <readonly>true</readonly>
         <executable>true</executable>
         <run_address>0x8307a</run_address>
         <size>0xd</size>
         <alignment>0x1</alignment>
         <input_file_ref idref="fl-e"/>
      </object_component>
      <object_component id="oc-70">
         <name>.text:decompress:ZI:__TI_zero_init_nomemset</name>
         <load_address>0x83087</load_address>
         <readonly>true</readonly>
         <executable>true</executable>
         <run_address>0x83087</run_address>
         <size>0xd</size>
         <alignment>0x1</alignment>
         <input_file_ref idref="fl-21"/>
      </object_component>
      <object_component id="oc-21d">
         <name>.text:SysCtl_isMCDClockFailureDetected</name>
         <load_address>0x83094</load_address>
         <readonly>true</readonly>
         <executable>true</executable>
         <run_address>0x83094</run_address>
         <size>0xb</size>
         <alignment>0x1</alignment>
         <input_file_ref idref="fl-10"/>
      </object_component>
      <object_component id="oc-59">
         <name>.text:Interrupt_illegalOperationHandler</name>
         <load_address>0x8309f</load_address>
         <readonly>true</readonly>
         <executable>true</executable>
         <run_address>0x8309f</run_address>
         <size>0xa</size>
         <alignment>0x1</alignment>
         <input_file_ref idref="fl-e"/>
      </object_component>
      <object_component id="oc-5f">
         <name>.text:Interrupt_nmiHandler</name>
         <load_address>0x830a9</load_address>
         <readonly>true</readonly>
         <executable>true</executable>
         <run_address>0x830a9</run_address>
         <size>0xa</size>
         <alignment>0x1</alignment>
         <input_file_ref idref="fl-e"/>
      </object_component>
      <object_component id="oc-22a">
         <name>.text:SysCtl_serviceWatchdog</name>
         <load_address>0x830b3</load_address>
         <readonly>true</readonly>
         <executable>true</executable>
         <run_address>0x830b3</run_address>
         <size>0x9</size>
         <alignment>0x1</alignment>
         <input_file_ref idref="fl-10"/>
      </object_component>
      <object_component id="oc-186">
         <name>.text</name>
         <load_address>0x830bc</load_address>
         <readonly>true</readonly>
         <executable>true</executable>
         <run_address>0x830bc</run_address>
         <size>0x9</size>
         <alignment>0x1</alignment>
         <input_file_ref idref="fl-25"/>
      </object_component>
      <object_component id="oc-c3">
         <name>.text</name>
         <load_address>0x830c5</load_address>
         <readonly>true</readonly>
         <executable>true</executable>
         <run_address>0x830c5</run_address>
         <size>0x8</size>
         <alignment>0x1</alignment>
         <input_file_ref idref="fl-5"/>
      </object_component>
      <object_component id="oc-2a">
         <name>.text:decompress:none</name>
         <load_address>0x830cd</load_address>
         <readonly>true</readonly>
         <executable>true</executable>
         <run_address>0x830cd</run_address>
         <size>0x8</size>
         <alignment>0x1</alignment>
         <input_file_ref idref="fl-22"/>
      </object_component>
      <object_component id="oc-2ae">
         <name>.text:SysCtl_resetMCD</name>
         <load_address>0x830d5</load_address>
         <readonly>true</readonly>
         <executable>true</executable>
         <run_address>0x830d5</run_address>
         <size>0x7</size>
         <alignment>0x1</alignment>
         <input_file_ref idref="fl-10"/>
      </object_component>
      <object_component id="oc-7c">
         <name>.text</name>
         <load_address>0x830dc</load_address>
         <readonly>true</readonly>
         <executable>true</executable>
         <run_address>0x830dc</run_address>
         <size>0x2</size>
         <alignment>0x1</alignment>
         <input_file_ref idref="fl-1f"/>
      </object_component>
      <object_component id="oc-15b">
         <name>.text</name>
         <load_address>0x830de</load_address>
         <readonly>true</readonly>
         <executable>true</executable>
         <run_address>0x830de</run_address>
         <size>0x1</size>
         <alignment>0x1</alignment>
         <input_file_ref idref="fl-29"/>
      </object_component>
      <object_component id="oc-48">
         <name>codestart</name>
         <load_address>0x80000</load_address>
         <readonly>true</readonly>
         <executable>true</executable>
         <run_address>0x80000</run_address>
         <size>0x2</size>
         <alignment>0x1</alignment>
         <input_file_ref idref="fl-5"/>
      </object_component>
      <object_component id="oc-65">
         <name>.stack</name>
         <uninitialized>true</uninitialized>
         <readwrite>true</readwrite>
         <run_address>0x400</run_address>
         <size>0x0</size>
         <alignment>0x1</alignment>
         <input_file_ref idref="fl-1c"/>
      </object_component>
      <object_component id="oc-304">
         <name>.stack</name>
         <uninitialized>true</uninitialized>
         <readwrite>true</readwrite>
         <run_address>0x400</run_address>
         <size>0x0</size>
         <alignment>0x2</alignment>
      </object_component>
      <object_component id="oc-17c">
         <name>.bss</name>
         <uninitialized>true</uninitialized>
         <readwrite>true</readwrite>
         <run_address>0xa810</run_address>
         <size>0x2</size>
         <alignment>0x1</alignment>
         <input_file_ref idref="fl-2"/>
      </object_component>
      <object_component id="oc-1a5">
         <name>.data</name>
         <load_address>0xa800</load_address>
         <readwrite>true</readwrite>
         <run_address>0xa800</run_address>
         <size>0x6</size>
         <alignment>0x2</alignment>
         <input_file_ref idref="fl-6"/>
      </object_component>
      <object_component id="oc-119">
         <name>.data</name>
         <load_address>0xa806</load_address>
         <readwrite>true</readwrite>
         <run_address>0xa806</run_address>
         <size>0x6</size>
         <alignment>0x2</alignment>
         <input_file_ref idref="fl-24"/>
      </object_component>
      <object_component id="oc-11c">
         <name>.data:_lock</name>
         <load_address>0xa80c</load_address>
         <readwrite>true</readwrite>
         <run_address>0xa80c</run_address>
         <size>0x2</size>
         <alignment>0x2</alignment>
         <input_file_ref idref="fl-25"/>
      </object_component>
      <object_component id="oc-1ce">
         <name>.data:_unlock</name>
         <load_address>0xa80e</load_address>
         <readwrite>true</readwrite>
         <run_address>0xa80e</run_address>
         <size>0x2</size>
         <alignment>0x2</alignment>
         <input_file_ref idref="fl-25"/>
      </object_component>
      <object_component id="oc-21c">
         <name>.const:.string</name>
         <load_address>0x90000</load_address>
         <readonly>true</readonly>
         <run_address>0x90000</run_address>
         <size>0xc2</size>
         <alignment>0x2</alignment>
         <input_file_ref idref="fl-10"/>
      </object_component>
      <object_component id="oc-1db">
         <name>.const:.string</name>
         <load_address>0x900c2</load_address>
         <readonly>true</readonly>
         <run_address>0x900c2</run_address>
         <size>0xbf</size>
         <alignment>0x2</alignment>
         <input_file_ref idref="fl-c"/>
      </object_component>
      <object_component id="oc-127">
         <name>.const:.string</name>
         <load_address>0x90182</load_address>
         <readonly>true</readonly>
         <run_address>0x90182</run_address>
         <size>0xbc</size>
         <alignment>0x2</alignment>
         <input_file_ref idref="fl-d"/>
      </object_component>
      <object_component id="oc-247">
         <name>.const:.string</name>
         <load_address>0x9023e</load_address>
         <readonly>true</readonly>
         <run_address>0x9023e</run_address>
         <size>0xbb</size>
         <alignment>0x2</alignment>
         <input_file_ref idref="fl-f"/>
      </object_component>
      <object_component id="oc-193">
         <name>.TI.ramfunc:Flash_initModule</name>
         <load_address>0x86000</load_address>
         <readonly>true</readonly>
         <executable>true</executable>
         <run_address>0x8000</run_address>
         <size>0x43</size>
         <alignment>0x1</alignment>
         <input_file_ref idref="fl-c"/>
      </object_component>
      <object_component id="oc-1e8">
         <name>.TI.ramfunc:Flash_setBankPowerMode</name>
         <load_address>0x86043</load_address>
         <readonly>true</readonly>
         <executable>true</executable>
         <run_address>0x8043</run_address>
         <size>0x2c</size>
         <alignment>0x1</alignment>
         <input_file_ref idref="fl-c"/>
      </object_component>
      <object_component id="oc-200">
         <name>.TI.ramfunc:Flash_setWaitstates</name>
         <load_address>0x8606f</load_address>
         <readonly>true</readonly>
         <executable>true</executable>
         <run_address>0x806f</run_address>
         <size>0x24</size>
         <alignment>0x1</alignment>
         <input_file_ref idref="fl-c"/>
      </object_component>
      <object_component id="oc-1ee">
         <name>.TI.ramfunc:Flash_setPumpPowerMode</name>
         <load_address>0x86093</load_address>
         <readonly>true</readonly>
         <executable>true</executable>
         <run_address>0x8093</run_address>
         <size>0x1d</size>
         <alignment>0x1</alignment>
         <input_file_ref idref="fl-c"/>
      </object_component>
      <object_component id="oc-1f4">
         <name>.TI.ramfunc:Flash_disableCache</name>
         <load_address>0x860b0</load_address>
         <readonly>true</readonly>
         <executable>true</executable>
         <run_address>0x80b0</run_address>
         <size>0x18</size>
         <alignment>0x1</alignment>
         <input_file_ref idref="fl-c"/>
      </object_component>
      <object_component id="oc-1fa">
         <name>.TI.ramfunc:Flash_disablePrefetch</name>
         <load_address>0x860c8</load_address>
         <readonly>true</readonly>
         <executable>true</executable>
         <run_address>0x80c8</run_address>
         <size>0x18</size>
         <alignment>0x1</alignment>
         <input_file_ref idref="fl-c"/>
      </object_component>
      <object_component id="oc-206">
         <name>.TI.ramfunc:Flash_enableCache</name>
         <load_address>0x860e0</load_address>
         <readonly>true</readonly>
         <executable>true</executable>
         <run_address>0x80e0</run_address>
         <size>0x17</size>
         <alignment>0x1</alignment>
         <input_file_ref idref="fl-c"/>
      </object_component>
      <object_component id="oc-20c">
         <name>.TI.ramfunc:Flash_enablePrefetch</name>
         <load_address>0x860f7</load_address>
         <readonly>true</readonly>
         <executable>true</executable>
         <run_address>0x80f7</run_address>
         <size>0x17</size>
         <alignment>0x1</alignment>
         <input_file_ref idref="fl-c"/>
      </object_component>
      <object_component id="oc-212">
         <name>.TI.ramfunc:Flash_enableECC</name>
         <load_address>0x8610e</load_address>
         <readonly>true</readonly>
         <executable>true</executable>
         <run_address>0x810e</run_address>
         <size>0x16</size>
         <alignment>0x1</alignment>
         <input_file_ref idref="fl-c"/>
      </object_component>
      <object_component id="oc-229">
         <name>.TI.ramfunc</name>
         <load_address>0x86124</load_address>
         <readonly>true</readonly>
         <executable>true</executable>
         <run_address>0x8124</run_address>
         <size>0x4</size>
         <alignment>0x1</alignment>
         <input_file_ref idref="fl-10"/>
      </object_component>
      <object_component id="oc-180">
         <name>.debug_types</name>
         <load_address>0x0</load_address>
         <run_address>0x0</run_address>
         <size>0x556</size>
         <alignment>0x0</alignment>
         <input_file_ref idref="fl-2"/>
      </object_component>
      <object_component id="oc-c1">
         <name>.debug_types</name>
         <load_address>0x556</load_address>
         <run_address>0x556</run_address>
         <size>0x455</size>
         <alignment>0x0</alignment>
         <input_file_ref idref="fl-3"/>
      </object_component>
      <object_component id="oc-1c8">
         <name>.debug_types</name>
         <load_address>0x9ab</load_address>
         <run_address>0x9ab</run_address>
         <size>0x1a1</size>
         <alignment>0x0</alignment>
         <input_file_ref idref="fl-4"/>
      </object_component>
      <object_component id="oc-1a9">
         <name>.debug_types</name>
         <load_address>0xb4c</load_address>
         <run_address>0xb4c</run_address>
         <size>0xe21</size>
         <alignment>0x0</alignment>
         <input_file_ref idref="fl-6"/>
      </object_component>
      <object_component id="oc-219">
         <name>.debug_types</name>
         <load_address>0x196d</load_address>
         <run_address>0x196d</run_address>
         <size>0x1d7</size>
         <alignment>0x0</alignment>
         <input_file_ref idref="fl-c"/>
      </object_component>
      <object_component id="oc-12f">
         <name>.debug_types</name>
         <load_address>0x1b44</load_address>
         <run_address>0x1b44</run_address>
         <size>0x1f4</size>
         <alignment>0x0</alignment>
         <input_file_ref idref="fl-d"/>
      </object_component>
      <object_component id="oc-ca">
         <name>.debug_types</name>
         <load_address>0x0</load_address>
         <run_address>0x0</run_address>
         <size>0x0</size>
         <alignment>0x0</alignment>
         <input_file_ref idref="fl-e"/>
      </object_component>
      <object_component id="oc-24f">
         <name>.debug_types</name>
         <load_address>0x1d38</load_address>
         <run_address>0x1d38</run_address>
         <size>0xe3</size>
         <alignment>0x0</alignment>
         <input_file_ref idref="fl-f"/>
      </object_component>
      <object_component id="oc-21b">
         <name>.debug_types</name>
         <load_address>0x1e1b</load_address>
         <run_address>0x1e1b</run_address>
         <size>0x254</size>
         <alignment>0x0</alignment>
         <input_file_ref idref="fl-10"/>
      </object_component>
      <object_component id="oc-d2">
         <name>.debug_types</name>
         <load_address>0x206f</load_address>
         <run_address>0x206f</run_address>
         <size>0x142</size>
         <alignment>0x0</alignment>
         <input_file_ref idref="fl-1e"/>
      </object_component>
      <object_component id="oc-e0">
         <name>.debug_types</name>
         <load_address>0x0</load_address>
         <run_address>0x0</run_address>
         <size>0x0</size>
         <alignment>0x0</alignment>
         <input_file_ref idref="fl-1f"/>
      </object_component>
      <object_component id="oc-162">
         <name>.debug_types</name>
         <load_address>0x21b1</load_address>
         <run_address>0x21b1</run_address>
         <size>0x470</size>
         <alignment>0x0</alignment>
         <input_file_ref idref="fl-20"/>
      </object_component>
      <object_component id="oc-d7">
         <name>.debug_types</name>
         <load_address>0x2621</load_address>
         <run_address>0x2621</run_address>
         <size>0x194</size>
         <alignment>0x0</alignment>
         <input_file_ref idref="fl-21"/>
      </object_component>
      <object_component id="oc-6f">
         <name>.debug_types</name>
         <load_address>0x0</load_address>
         <run_address>0x0</run_address>
         <size>0x0</size>
         <alignment>0x0</alignment>
         <input_file_ref idref="fl-22"/>
      </object_component>
      <object_component id="oc-67">
         <name>.debug_types</name>
         <load_address>0x27b5</load_address>
         <run_address>0x27b5</run_address>
         <size>0x191</size>
         <alignment>0x0</alignment>
         <input_file_ref idref="fl-23"/>
      </object_component>
      <object_component id="oc-120">
         <name>.debug_types</name>
         <load_address>0x2946</load_address>
         <run_address>0x2946</run_address>
         <size>0xbf</size>
         <alignment>0x0</alignment>
         <input_file_ref idref="fl-24"/>
      </object_component>
      <object_component id="oc-18e">
         <name>.debug_types</name>
         <load_address>0x2a05</load_address>
         <run_address>0x2a05</run_address>
         <size>0x2f</size>
         <alignment>0x0</alignment>
         <input_file_ref idref="fl-25"/>
      </object_component>
      <object_component id="oc-118">
         <name>.debug_types</name>
         <load_address>0x2a34</load_address>
         <run_address>0x2a34</run_address>
         <size>0xe1</size>
         <alignment>0x0</alignment>
         <input_file_ref idref="fl-26"/>
      </object_component>
      <object_component id="oc-1b4">
         <name>.debug_types</name>
         <load_address>0x0</load_address>
         <run_address>0x0</run_address>
         <size>0x0</size>
         <alignment>0x0</alignment>
         <input_file_ref idref="fl-29"/>
      </object_component>
      <object_component id="oc-17d">
         <name>.debug_info</name>
         <load_address>0x0</load_address>
         <run_address>0x0</run_address>
         <size>0x117</size>
         <alignment>0x0</alignment>
         <input_file_ref idref="fl-2"/>
      </object_component>
      <object_component id="oc-113">
         <name>.debug_info</name>
         <load_address>0x117</load_address>
         <run_address>0x117</run_address>
         <size>0x601</size>
         <alignment>0x0</alignment>
         <input_file_ref idref="fl-2"/>
      </object_component>
      <object_component id="oc-3e">
         <name>.debug_info</name>
         <load_address>0x718</load_address>
         <run_address>0x718</run_address>
         <size>0xcf9</size>
         <alignment>0x0</alignment>
         <input_file_ref idref="fl-3"/>
      </object_component>
      <object_component id="oc-43">
         <name>.debug_info</name>
         <load_address>0x1411</load_address>
         <run_address>0x1411</run_address>
         <size>0x2ff</size>
         <alignment>0x0</alignment>
         <input_file_ref idref="fl-3"/>
      </object_component>
      <object_component id="oc-17a">
         <name>.debug_info</name>
         <load_address>0x1710</load_address>
         <run_address>0x1710</run_address>
         <size>0x9ab</size>
         <alignment>0x0</alignment>
         <input_file_ref idref="fl-4"/>
      </object_component>
      <object_component id="oc-4b">
         <name>.debug_info</name>
         <load_address>0x20bb</load_address>
         <run_address>0x20bb</run_address>
         <size>0x115</size>
         <alignment>0x0</alignment>
         <input_file_ref idref="fl-5"/>
      </object_component>
      <object_component id="oc-c6">
         <name>.debug_info</name>
         <load_address>0x21d0</load_address>
         <run_address>0x21d0</run_address>
         <size>0x116</size>
         <alignment>0x0</alignment>
         <input_file_ref idref="fl-5"/>
      </object_component>
      <object_component id="oc-1a6">
         <name>.debug_info</name>
         <load_address>0x22e6</load_address>
         <run_address>0x22e6</run_address>
         <size>0x160</size>
         <alignment>0x0</alignment>
         <input_file_ref idref="fl-6"/>
      </object_component>
      <object_component id="oc-12c">
         <name>.debug_info</name>
         <load_address>0x2446</load_address>
         <run_address>0x2446</run_address>
         <size>0x1c22</size>
         <alignment>0x0</alignment>
         <input_file_ref idref="fl-6"/>
      </object_component>
      <object_component id="oc-1d7">
         <name>.debug_info</name>
         <load_address>0x4068</load_address>
         <run_address>0x4068</run_address>
         <size>0x21d</size>
         <alignment>0x0</alignment>
         <input_file_ref idref="fl-c"/>
      </object_component>
      <object_component id="oc-1de">
         <name>.debug_info</name>
         <load_address>0x4285</load_address>
         <run_address>0x4285</run_address>
         <size>0x219</size>
         <alignment>0x0</alignment>
         <input_file_ref idref="fl-c"/>
      </object_component>
      <object_component id="oc-203">
         <name>.debug_info</name>
         <load_address>0x449e</load_address>
         <run_address>0x449e</run_address>
         <size>0x279</size>
         <alignment>0x0</alignment>
         <input_file_ref idref="fl-c"/>
      </object_component>
      <object_component id="oc-1e9">
         <name>.debug_info</name>
         <load_address>0x4717</load_address>
         <run_address>0x4717</run_address>
         <size>0x28f</size>
         <alignment>0x0</alignment>
         <input_file_ref idref="fl-c"/>
      </object_component>
      <object_component id="oc-1ef">
         <name>.debug_info</name>
         <load_address>0x49a6</load_address>
         <run_address>0x49a6</run_address>
         <size>0x26e</size>
         <alignment>0x0</alignment>
         <input_file_ref idref="fl-c"/>
      </object_component>
      <object_component id="oc-20f">
         <name>.debug_info</name>
         <load_address>0x4c14</load_address>
         <run_address>0x4c14</run_address>
         <size>0x23f</size>
         <alignment>0x0</alignment>
         <input_file_ref idref="fl-c"/>
      </object_component>
      <object_component id="oc-1fb">
         <name>.debug_info</name>
         <load_address>0x4e53</load_address>
         <run_address>0x4e53</run_address>
         <size>0x241</size>
         <alignment>0x0</alignment>
         <input_file_ref idref="fl-c"/>
      </object_component>
      <object_component id="oc-209">
         <name>.debug_info</name>
         <load_address>0x5094</load_address>
         <run_address>0x5094</run_address>
         <size>0x239</size>
         <alignment>0x0</alignment>
         <input_file_ref idref="fl-c"/>
      </object_component>
      <object_component id="oc-1f7">
         <name>.debug_info</name>
         <load_address>0x52cd</load_address>
         <run_address>0x52cd</run_address>
         <size>0x23b</size>
         <alignment>0x0</alignment>
         <input_file_ref idref="fl-c"/>
      </object_component>
      <object_component id="oc-215">
         <name>.debug_info</name>
         <load_address>0x5508</load_address>
         <run_address>0x5508</run_address>
         <size>0x232</size>
         <alignment>0x0</alignment>
         <input_file_ref idref="fl-c"/>
      </object_component>
      <object_component id="oc-1e5">
         <name>.debug_info</name>
         <load_address>0x573a</load_address>
         <run_address>0x573a</run_address>
         <size>0x27b</size>
         <alignment>0x0</alignment>
         <input_file_ref idref="fl-c"/>
      </object_component>
      <object_component id="oc-195">
         <name>.debug_info</name>
         <load_address>0x59b5</load_address>
         <run_address>0x59b5</run_address>
         <size>0x397</size>
         <alignment>0x0</alignment>
         <input_file_ref idref="fl-c"/>
      </object_component>
      <object_component id="oc-137">
         <name>.debug_info</name>
         <load_address>0x5d4c</load_address>
         <run_address>0x5d4c</run_address>
         <size>0x233</size>
         <alignment>0x0</alignment>
         <input_file_ref idref="fl-d"/>
      </object_component>
      <object_component id="oc-123">
         <name>.debug_info</name>
         <load_address>0x5f7f</load_address>
         <run_address>0x5f7f</run_address>
         <size>0x205</size>
         <alignment>0x0</alignment>
         <input_file_ref idref="fl-d"/>
      </object_component>
      <object_component id="oc-a3">
         <name>.debug_info</name>
         <load_address>0x6184</load_address>
         <run_address>0x6184</run_address>
         <size>0x27d</size>
         <alignment>0x0</alignment>
         <input_file_ref idref="fl-d"/>
      </object_component>
      <object_component id="oc-b6">
         <name>.debug_info</name>
         <load_address>0x6401</load_address>
         <run_address>0x6401</run_address>
         <size>0x27e</size>
         <alignment>0x0</alignment>
         <input_file_ref idref="fl-d"/>
      </object_component>
      <object_component id="oc-9f">
         <name>.debug_info</name>
         <load_address>0x667f</load_address>
         <run_address>0x667f</run_address>
         <size>0x266</size>
         <alignment>0x0</alignment>
         <input_file_ref idref="fl-d"/>
      </object_component>
      <object_component id="oc-b0">
         <name>.debug_info</name>
         <load_address>0x68e5</load_address>
         <run_address>0x68e5</run_address>
         <size>0x2ae</size>
         <alignment>0x0</alignment>
         <input_file_ref idref="fl-d"/>
      </object_component>
      <object_component id="oc-a9">
         <name>.debug_info</name>
         <load_address>0x6b93</load_address>
         <run_address>0x6b93</run_address>
         <size>0x2b3</size>
         <alignment>0x0</alignment>
         <input_file_ref idref="fl-d"/>
      </object_component>
      <object_component id="oc-92">
         <name>.debug_info</name>
         <load_address>0x6e46</load_address>
         <run_address>0x6e46</run_address>
         <size>0x296</size>
         <alignment>0x0</alignment>
         <input_file_ref idref="fl-d"/>
      </object_component>
      <object_component id="oc-98">
         <name>.debug_info</name>
         <load_address>0x70dc</load_address>
         <run_address>0x70dc</run_address>
         <size>0x24f</size>
         <alignment>0x0</alignment>
         <input_file_ref idref="fl-d"/>
      </object_component>
      <object_component id="oc-144">
         <name>.debug_info</name>
         <load_address>0x732b</load_address>
         <run_address>0x732b</run_address>
         <size>0x1fe</size>
         <alignment>0x0</alignment>
         <input_file_ref idref="fl-e"/>
      </object_component>
      <object_component id="oc-13f">
         <name>.debug_info</name>
         <load_address>0x7529</load_address>
         <run_address>0x7529</run_address>
         <size>0x200</size>
         <alignment>0x0</alignment>
         <input_file_ref idref="fl-e"/>
      </object_component>
      <object_component id="oc-173">
         <name>.debug_info</name>
         <load_address>0x7729</load_address>
         <run_address>0x7729</run_address>
         <size>0x20f</size>
         <alignment>0x0</alignment>
         <input_file_ref idref="fl-e"/>
      </object_component>
      <object_component id="oc-4e">
         <name>.debug_info</name>
         <load_address>0x7938</load_address>
         <run_address>0x7938</run_address>
         <size>0x21c</size>
         <alignment>0x0</alignment>
         <input_file_ref idref="fl-e"/>
      </object_component>
      <object_component id="oc-5c">
         <name>.debug_info</name>
         <load_address>0x7b54</load_address>
         <run_address>0x7b54</run_address>
         <size>0x202</size>
         <alignment>0x0</alignment>
         <input_file_ref idref="fl-e"/>
      </object_component>
      <object_component id="oc-62">
         <name>.debug_info</name>
         <load_address>0x7d56</load_address>
         <run_address>0x7d56</run_address>
         <size>0x1e8</size>
         <alignment>0x0</alignment>
         <input_file_ref idref="fl-e"/>
      </object_component>
      <object_component id="oc-55">
         <name>.debug_info</name>
         <load_address>0x7f3e</load_address>
         <run_address>0x7f3e</run_address>
         <size>0x20c</size>
         <alignment>0x0</alignment>
         <input_file_ref idref="fl-e"/>
      </object_component>
      <object_component id="oc-bd">
         <name>.debug_info</name>
         <load_address>0x814a</load_address>
         <run_address>0x814a</run_address>
         <size>0x2b3</size>
         <alignment>0x0</alignment>
         <input_file_ref idref="fl-e"/>
      </object_component>
      <object_component id="oc-242">
         <name>.debug_info</name>
         <load_address>0x83fd</load_address>
         <run_address>0x83fd</run_address>
         <size>0x205</size>
         <alignment>0x0</alignment>
         <input_file_ref idref="fl-f"/>
      </object_component>
      <object_component id="oc-257">
         <name>.debug_info</name>
         <load_address>0x8602</load_address>
         <run_address>0x8602</run_address>
         <size>0x225</size>
         <alignment>0x0</alignment>
         <input_file_ref idref="fl-f"/>
      </object_component>
      <object_component id="oc-251">
         <name>.debug_info</name>
         <load_address>0x8827</load_address>
         <run_address>0x8827</run_address>
         <size>0x227</size>
         <alignment>0x0</alignment>
         <input_file_ref idref="fl-f"/>
      </object_component>
      <object_component id="oc-249">
         <name>.debug_info</name>
         <load_address>0x8a4e</load_address>
         <run_address>0x8a4e</run_address>
         <size>0x235</size>
         <alignment>0x0</alignment>
         <input_file_ref idref="fl-f"/>
      </object_component>
      <object_component id="oc-1c2">
         <name>.debug_info</name>
         <load_address>0x8c83</load_address>
         <run_address>0x8c83</run_address>
         <size>0x2b5</size>
         <alignment>0x0</alignment>
         <input_file_ref idref="fl-f"/>
      </object_component>
      <object_component id="oc-1bc">
         <name>.debug_info</name>
         <load_address>0x8f38</load_address>
         <run_address>0x8f38</run_address>
         <size>0x268</size>
         <alignment>0x0</alignment>
         <input_file_ref idref="fl-f"/>
      </object_component>
      <object_component id="oc-22b">
         <name>.debug_info</name>
         <load_address>0x91a0</load_address>
         <run_address>0x91a0</run_address>
         <size>0x1f2</size>
         <alignment>0x0</alignment>
         <input_file_ref idref="fl-10"/>
      </object_component>
      <object_component id="oc-21e">
         <name>.debug_info</name>
         <load_address>0x9392</load_address>
         <run_address>0x9392</run_address>
         <size>0x20e</size>
         <alignment>0x0</alignment>
         <input_file_ref idref="fl-10"/>
      </object_component>
      <object_component id="oc-2af">
         <name>.debug_info</name>
         <load_address>0x95a0</load_address>
         <run_address>0x95a0</run_address>
         <size>0x1e4</size>
         <alignment>0x0</alignment>
         <input_file_ref idref="fl-10"/>
      </object_component>
      <object_component id="oc-2b6">
         <name>.debug_info</name>
         <load_address>0x9784</load_address>
         <run_address>0x9784</run_address>
         <size>0x217</size>
         <alignment>0x0</alignment>
         <input_file_ref idref="fl-10"/>
      </object_component>
      <object_component id="oc-29d">
         <name>.debug_info</name>
         <load_address>0x999b</load_address>
         <run_address>0x999b</run_address>
         <size>0x244</size>
         <alignment>0x0</alignment>
         <input_file_ref idref="fl-10"/>
      </object_component>
      <object_component id="oc-285">
         <name>.debug_info</name>
         <load_address>0x9bdf</load_address>
         <run_address>0x9bdf</run_address>
         <size>0x242</size>
         <alignment>0x0</alignment>
         <input_file_ref idref="fl-10"/>
      </object_component>
      <object_component id="oc-28b">
         <name>.debug_info</name>
         <load_address>0x9e21</load_address>
         <run_address>0x9e21</run_address>
         <size>0x24a</size>
         <alignment>0x0</alignment>
         <input_file_ref idref="fl-10"/>
      </object_component>
      <object_component id="oc-2a3">
         <name>.debug_info</name>
         <load_address>0xa06b</load_address>
         <run_address>0xa06b</run_address>
         <size>0x24d</size>
         <alignment>0x0</alignment>
         <input_file_ref idref="fl-10"/>
      </object_component>
      <object_component id="oc-291">
         <name>.debug_info</name>
         <load_address>0xa2b8</load_address>
         <run_address>0xa2b8</run_address>
         <size>0x24e</size>
         <alignment>0x0</alignment>
         <input_file_ref idref="fl-10"/>
      </object_component>
      <object_component id="oc-2c2">
         <name>.debug_info</name>
         <load_address>0xa506</load_address>
         <run_address>0xa506</run_address>
         <size>0x258</size>
         <alignment>0x0</alignment>
         <input_file_ref idref="fl-10"/>
      </object_component>
      <object_component id="oc-297">
         <name>.debug_info</name>
         <load_address>0xa75e</load_address>
         <run_address>0xa75e</run_address>
         <size>0x27c</size>
         <alignment>0x0</alignment>
         <input_file_ref idref="fl-10"/>
      </object_component>
      <object_component id="oc-2a9">
         <name>.debug_info</name>
         <load_address>0xa9da</load_address>
         <run_address>0xa9da</run_address>
         <size>0x241</size>
         <alignment>0x0</alignment>
         <input_file_ref idref="fl-10"/>
      </object_component>
      <object_component id="oc-1a0">
         <name>.debug_info</name>
         <load_address>0xac1b</load_address>
         <run_address>0xac1b</run_address>
         <size>0x519</size>
         <alignment>0x0</alignment>
         <input_file_ref idref="fl-10"/>
      </object_component>
      <object_component id="oc-275">
         <name>.debug_info</name>
         <load_address>0xb134</load_address>
         <run_address>0xb134</run_address>
         <size>0x3ba</size>
         <alignment>0x0</alignment>
         <input_file_ref idref="fl-10"/>
      </object_component>
      <object_component id="oc-224">
         <name>.debug_info</name>
         <load_address>0xb4ee</load_address>
         <run_address>0xb4ee</run_address>
         <size>0x243</size>
         <alignment>0x0</alignment>
         <input_file_ref idref="fl-10"/>
      </object_component>
      <object_component id="oc-19a">
         <name>.debug_info</name>
         <load_address>0xb731</load_address>
         <run_address>0xb731</run_address>
         <size>0x241</size>
         <alignment>0x0</alignment>
         <input_file_ref idref="fl-10"/>
      </object_component>
      <object_component id="oc-32">
         <name>.debug_info</name>
         <load_address>0xb972</load_address>
         <run_address>0xb972</run_address>
         <size>0x141</size>
         <alignment>0x0</alignment>
         <input_file_ref idref="fl-1c"/>
      </object_component>
      <object_component id="oc-232">
         <name>.debug_info</name>
         <load_address>0xbab3</load_address>
         <run_address>0xbab3</run_address>
         <size>0x110</size>
         <alignment>0x0</alignment>
         <input_file_ref idref="fl-1d"/>
      </object_component>
      <object_component id="oc-69">
         <name>.debug_info</name>
         <load_address>0xbbc3</load_address>
         <run_address>0xbbc3</run_address>
         <size>0x184</size>
         <alignment>0x0</alignment>
         <input_file_ref idref="fl-1e"/>
      </object_component>
      <object_component id="oc-7d">
         <name>.debug_info</name>
         <load_address>0xbd47</load_address>
         <run_address>0xbd47</run_address>
         <size>0x136</size>
         <alignment>0x0</alignment>
         <input_file_ref idref="fl-1f"/>
      </object_component>
      <object_component id="oc-e5">
         <name>.debug_info</name>
         <load_address>0xbe7d</load_address>
         <run_address>0xbe7d</run_address>
         <size>0x1a8</size>
         <alignment>0x0</alignment>
         <input_file_ref idref="fl-20"/>
      </object_component>
      <object_component id="oc-71">
         <name>.debug_info</name>
         <load_address>0xc025</load_address>
         <run_address>0xc025</run_address>
         <size>0x19f</size>
         <alignment>0x0</alignment>
         <input_file_ref idref="fl-21"/>
      </object_component>
      <object_component id="oc-2b">
         <name>.debug_info</name>
         <load_address>0xc1c4</load_address>
         <run_address>0xc1c4</run_address>
         <size>0x1a0</size>
         <alignment>0x0</alignment>
         <input_file_ref idref="fl-22"/>
      </object_component>
      <object_component id="oc-25">
         <name>.debug_info</name>
         <load_address>0xc364</load_address>
         <run_address>0xc364</run_address>
         <size>0x1f5</size>
         <alignment>0x0</alignment>
         <input_file_ref idref="fl-23"/>
      </object_component>
      <object_component id="oc-11a">
         <name>.debug_info</name>
         <load_address>0xc559</load_address>
         <run_address>0xc559</run_address>
         <size>0x187</size>
         <alignment>0x0</alignment>
         <input_file_ref idref="fl-24"/>
      </object_component>
      <object_component id="oc-8a">
         <name>.debug_info</name>
         <load_address>0xc6e0</load_address>
         <run_address>0xc6e0</run_address>
         <size>0x192</size>
         <alignment>0x0</alignment>
         <input_file_ref idref="fl-24"/>
      </object_component>
      <object_component id="oc-11d">
         <name>.debug_info</name>
         <load_address>0xc872</load_address>
         <run_address>0xc872</run_address>
         <size>0xf0</size>
         <alignment>0x0</alignment>
         <input_file_ref idref="fl-25"/>
      </object_component>
      <object_component id="oc-1cf">
         <name>.debug_info</name>
         <load_address>0xc962</load_address>
         <run_address>0xc962</run_address>
         <size>0xf4</size>
         <alignment>0x0</alignment>
         <input_file_ref idref="fl-25"/>
      </object_component>
      <object_component id="oc-187">
         <name>.debug_info</name>
         <load_address>0xca56</load_address>
         <run_address>0xca56</run_address>
         <size>0x1ec</size>
         <alignment>0x0</alignment>
         <input_file_ref idref="fl-25"/>
      </object_component>
      <object_component id="oc-85">
         <name>.debug_info</name>
         <load_address>0xcc42</load_address>
         <run_address>0xcc42</run_address>
         <size>0x156</size>
         <alignment>0x0</alignment>
         <input_file_ref idref="fl-26"/>
      </object_component>
      <object_component id="oc-15d">
         <name>.debug_info</name>
         <load_address>0xcd98</load_address>
         <run_address>0xcd98</run_address>
         <size>0x130</size>
         <alignment>0x0</alignment>
         <input_file_ref idref="fl-29"/>
      </object_component>
      <object_component id="oc-306">
         <name>.debug_info</name>
         <load_address>0xcec8</load_address>
         <run_address>0xcec8</run_address>
         <size>0xb5</size>
         <alignment>0x0</alignment>
      </object_component>
      <object_component id="oc-1ca">
         <name>.debug_line</name>
         <load_address>0x0</load_address>
         <run_address>0x0</run_address>
         <size>0x32</size>
         <alignment>0x0</alignment>
         <input_file_ref idref="fl-2"/>
      </object_component>
      <object_component id="oc-115">
         <name>.debug_line</name>
         <load_address>0x32</load_address>
         <run_address>0x32</run_address>
         <size>0x193</size>
         <alignment>0x0</alignment>
         <input_file_ref idref="fl-2"/>
      </object_component>
      <object_component id="oc-1cc">
         <name>.debug_line</name>
         <load_address>0x1c5</load_address>
         <run_address>0x1c5</run_address>
         <size>0x1ab</size>
         <alignment>0x0</alignment>
         <input_file_ref idref="fl-2"/>
      </object_component>
      <object_component id="oc-42">
         <name>.debug_line</name>
         <load_address>0x370</load_address>
         <run_address>0x370</run_address>
         <size>0x1e1</size>
         <alignment>0x0</alignment>
         <input_file_ref idref="fl-3"/>
      </object_component>
      <object_component id="oc-47">
         <name>.debug_line</name>
         <load_address>0x551</load_address>
         <run_address>0x551</run_address>
         <size>0x9a</size>
         <alignment>0x0</alignment>
         <input_file_ref idref="fl-3"/>
      </object_component>
      <object_component id="oc-14a">
         <name>.debug_line</name>
         <load_address>0x5eb</load_address>
         <run_address>0x5eb</run_address>
         <size>0x69</size>
         <alignment>0x0</alignment>
         <input_file_ref idref="fl-3"/>
      </object_component>
      <object_component id="oc-177">
         <name>.debug_line</name>
         <load_address>0x654</load_address>
         <run_address>0x654</run_address>
         <size>0x1bc</size>
         <alignment>0x0</alignment>
         <input_file_ref idref="fl-4"/>
      </object_component>
      <object_component id="oc-25e">
         <name>.debug_line</name>
         <load_address>0x810</load_address>
         <run_address>0x810</run_address>
         <size>0x69</size>
         <alignment>0x0</alignment>
         <input_file_ref idref="fl-4"/>
      </object_component>
      <object_component id="oc-49">
         <name>.debug_line</name>
         <load_address>0x879</load_address>
         <run_address>0x879</run_address>
         <size>0x55</size>
         <alignment>0x0</alignment>
         <input_file_ref idref="fl-5"/>
      </object_component>
      <object_component id="oc-c5">
         <name>.debug_line</name>
         <load_address>0x8ce</load_address>
         <run_address>0x8ce</run_address>
         <size>0x5d</size>
         <alignment>0x0</alignment>
         <input_file_ref idref="fl-5"/>
      </object_component>
      <object_component id="oc-237">
         <name>.debug_line</name>
         <load_address>0x92b</load_address>
         <run_address>0x92b</run_address>
         <size>0x37</size>
         <alignment>0x0</alignment>
         <input_file_ref idref="fl-6"/>
      </object_component>
      <object_component id="oc-129">
         <name>.debug_line</name>
         <load_address>0x962</load_address>
         <run_address>0x962</run_address>
         <size>0x3eb</size>
         <alignment>0x0</alignment>
         <input_file_ref idref="fl-6"/>
      </object_component>
      <object_component id="oc-239">
         <name>.debug_line</name>
         <load_address>0xd4d</load_address>
         <run_address>0xd4d</run_address>
         <size>0x112</size>
         <alignment>0x0</alignment>
         <input_file_ref idref="fl-6"/>
      </object_component>
      <object_component id="oc-1d6">
         <name>.debug_line</name>
         <load_address>0xe5f</load_address>
         <run_address>0xe5f</run_address>
         <size>0x99</size>
         <alignment>0x0</alignment>
         <input_file_ref idref="fl-c"/>
      </object_component>
      <object_component id="oc-1dd">
         <name>.debug_line</name>
         <load_address>0xef8</load_address>
         <run_address>0xef8</run_address>
         <size>0x99</size>
         <alignment>0x0</alignment>
         <input_file_ref idref="fl-c"/>
      </object_component>
      <object_component id="oc-202">
         <name>.debug_line</name>
         <load_address>0xf91</load_address>
         <run_address>0xf91</run_address>
         <size>0x9d</size>
         <alignment>0x0</alignment>
         <input_file_ref idref="fl-c"/>
      </object_component>
      <object_component id="oc-1ed">
         <name>.debug_line</name>
         <load_address>0x102e</load_address>
         <run_address>0x102e</run_address>
         <size>0x9c</size>
         <alignment>0x0</alignment>
         <input_file_ref idref="fl-c"/>
      </object_component>
      <object_component id="oc-1f3">
         <name>.debug_line</name>
         <load_address>0x10ca</load_address>
         <run_address>0x10ca</run_address>
         <size>0x9c</size>
         <alignment>0x0</alignment>
         <input_file_ref idref="fl-c"/>
      </object_component>
      <object_component id="oc-20d">
         <name>.debug_line</name>
         <load_address>0x1166</load_address>
         <run_address>0x1166</run_address>
         <size>0x9c</size>
         <alignment>0x0</alignment>
         <input_file_ref idref="fl-c"/>
      </object_component>
      <object_component id="oc-1fe">
         <name>.debug_line</name>
         <load_address>0x1202</load_address>
         <run_address>0x1202</run_address>
         <size>0x9c</size>
         <alignment>0x0</alignment>
         <input_file_ref idref="fl-c"/>
      </object_component>
      <object_component id="oc-208">
         <name>.debug_line</name>
         <load_address>0x129e</load_address>
         <run_address>0x129e</run_address>
         <size>0x9c</size>
         <alignment>0x0</alignment>
         <input_file_ref idref="fl-c"/>
      </object_component>
      <object_component id="oc-1f5">
         <name>.debug_line</name>
         <load_address>0x133a</load_address>
         <run_address>0x133a</run_address>
         <size>0x9c</size>
         <alignment>0x0</alignment>
         <input_file_ref idref="fl-c"/>
      </object_component>
      <object_component id="oc-213">
         <name>.debug_line</name>
         <load_address>0x13d6</load_address>
         <run_address>0x13d6</run_address>
         <size>0x9c</size>
         <alignment>0x0</alignment>
         <input_file_ref idref="fl-c"/>
      </object_component>
      <object_component id="oc-1e3">
         <name>.debug_line</name>
         <load_address>0x1472</load_address>
         <run_address>0x1472</run_address>
         <size>0x9d</size>
         <alignment>0x0</alignment>
         <input_file_ref idref="fl-c"/>
      </object_component>
      <object_component id="oc-198">
         <name>.debug_line</name>
         <load_address>0x150f</load_address>
         <run_address>0x150f</run_address>
         <size>0xa4</size>
         <alignment>0x0</alignment>
         <input_file_ref idref="fl-c"/>
      </object_component>
      <object_component id="oc-26e">
         <name>.debug_line</name>
         <load_address>0x15b3</load_address>
         <run_address>0x15b3</run_address>
         <size>0xe5</size>
         <alignment>0x0</alignment>
         <input_file_ref idref="fl-c"/>
      </object_component>
      <object_component id="oc-13a">
         <name>.debug_line</name>
         <load_address>0x1698</load_address>
         <run_address>0x1698</run_address>
         <size>0x9b</size>
         <alignment>0x0</alignment>
         <input_file_ref idref="fl-d"/>
      </object_component>
      <object_component id="oc-126">
         <name>.debug_line</name>
         <load_address>0x1733</load_address>
         <run_address>0x1733</run_address>
         <size>0x98</size>
         <alignment>0x0</alignment>
         <input_file_ref idref="fl-d"/>
      </object_component>
      <object_component id="oc-a7">
         <name>.debug_line</name>
         <load_address>0x17cb</load_address>
         <run_address>0x17cb</run_address>
         <size>0xa2</size>
         <alignment>0x0</alignment>
         <input_file_ref idref="fl-d"/>
      </object_component>
      <object_component id="oc-b9">
         <name>.debug_line</name>
         <load_address>0x186d</load_address>
         <run_address>0x186d</run_address>
         <size>0xb4</size>
         <alignment>0x0</alignment>
         <input_file_ref idref="fl-d"/>
      </object_component>
      <object_component id="oc-9d">
         <name>.debug_line</name>
         <load_address>0x1921</load_address>
         <run_address>0x1921</run_address>
         <size>0xb1</size>
         <alignment>0x0</alignment>
         <input_file_ref idref="fl-d"/>
      </object_component>
      <object_component id="oc-af">
         <name>.debug_line</name>
         <load_address>0x19d2</load_address>
         <run_address>0x19d2</run_address>
         <size>0x9f</size>
         <alignment>0x0</alignment>
         <input_file_ref idref="fl-d"/>
      </object_component>
      <object_component id="oc-ac">
         <name>.debug_line</name>
         <load_address>0x1a71</load_address>
         <run_address>0x1a71</run_address>
         <size>0xa1</size>
         <alignment>0x0</alignment>
         <input_file_ref idref="fl-d"/>
      </object_component>
      <object_component id="oc-91">
         <name>.debug_line</name>
         <load_address>0x1b12</load_address>
         <run_address>0x1b12</run_address>
         <size>0x9f</size>
         <alignment>0x0</alignment>
         <input_file_ref idref="fl-d"/>
      </object_component>
      <object_component id="oc-97">
         <name>.debug_line</name>
         <load_address>0x1bb1</load_address>
         <run_address>0x1bb1</run_address>
         <size>0x9f</size>
         <alignment>0x0</alignment>
         <input_file_ref idref="fl-d"/>
      </object_component>
      <object_component id="oc-1ab">
         <name>.debug_line</name>
         <load_address>0x1c50</load_address>
         <run_address>0x1c50</run_address>
         <size>0xe4</size>
         <alignment>0x0</alignment>
         <input_file_ref idref="fl-d"/>
      </object_component>
      <object_component id="oc-147">
         <name>.debug_line</name>
         <load_address>0x1d34</load_address>
         <run_address>0x1d34</run_address>
         <size>0x9d</size>
         <alignment>0x0</alignment>
         <input_file_ref idref="fl-e"/>
      </object_component>
      <object_component id="oc-13e">
         <name>.debug_line</name>
         <load_address>0x1dd1</load_address>
         <run_address>0x1dd1</run_address>
         <size>0x9d</size>
         <alignment>0x0</alignment>
         <input_file_ref idref="fl-e"/>
      </object_component>
      <object_component id="oc-172">
         <name>.debug_line</name>
         <load_address>0x1e6e</load_address>
         <run_address>0x1e6e</run_address>
         <size>0xb8</size>
         <alignment>0x0</alignment>
         <input_file_ref idref="fl-e"/>
      </object_component>
      <object_component id="oc-58">
         <name>.debug_line</name>
         <load_address>0x1f26</load_address>
         <run_address>0x1f26</run_address>
         <size>0xa3</size>
         <alignment>0x0</alignment>
         <input_file_ref idref="fl-e"/>
      </object_component>
      <object_component id="oc-5a">
         <name>.debug_line</name>
         <load_address>0x1fc9</load_address>
         <run_address>0x1fc9</run_address>
         <size>0x9b</size>
         <alignment>0x0</alignment>
         <input_file_ref idref="fl-e"/>
      </object_component>
      <object_component id="oc-60">
         <name>.debug_line</name>
         <load_address>0x2064</load_address>
         <run_address>0x2064</run_address>
         <size>0x9b</size>
         <alignment>0x0</alignment>
         <input_file_ref idref="fl-e"/>
      </object_component>
      <object_component id="oc-53">
         <name>.debug_line</name>
         <load_address>0x20ff</load_address>
         <run_address>0x20ff</run_address>
         <size>0xb1</size>
         <alignment>0x0</alignment>
         <input_file_ref idref="fl-e"/>
      </object_component>
      <object_component id="oc-bb">
         <name>.debug_line</name>
         <load_address>0x21b0</load_address>
         <run_address>0x21b0</run_address>
         <size>0xb1</size>
         <alignment>0x0</alignment>
         <input_file_ref idref="fl-e"/>
      </object_component>
      <object_component id="oc-14e">
         <name>.debug_line</name>
         <load_address>0x2261</load_address>
         <run_address>0x2261</run_address>
         <size>0x21</size>
         <alignment>0x0</alignment>
         <input_file_ref idref="fl-e"/>
      </object_component>
      <object_component id="oc-245">
         <name>.debug_line</name>
         <load_address>0x2282</load_address>
         <run_address>0x2282</run_address>
         <size>0x97</size>
         <alignment>0x0</alignment>
         <input_file_ref idref="fl-f"/>
      </object_component>
      <object_component id="oc-25b">
         <name>.debug_line</name>
         <load_address>0x2319</load_address>
         <run_address>0x2319</run_address>
         <size>0x98</size>
         <alignment>0x0</alignment>
         <input_file_ref idref="fl-f"/>
      </object_component>
      <object_component id="oc-254">
         <name>.debug_line</name>
         <load_address>0x23b1</load_address>
         <run_address>0x23b1</run_address>
         <size>0x99</size>
         <alignment>0x0</alignment>
         <input_file_ref idref="fl-f"/>
      </object_component>
      <object_component id="oc-24c">
         <name>.debug_line</name>
         <load_address>0x244a</load_address>
         <run_address>0x244a</run_address>
         <size>0x99</size>
         <alignment>0x0</alignment>
         <input_file_ref idref="fl-f"/>
      </object_component>
      <object_component id="oc-1c6">
         <name>.debug_line</name>
         <load_address>0x24e3</load_address>
         <run_address>0x24e3</run_address>
         <size>0x9e</size>
         <alignment>0x0</alignment>
         <input_file_ref idref="fl-f"/>
      </object_component>
[...]
         <unused_space>0x1000</unused_space>
         <attributes>RWIX</attributes>
         <usage_details>
         </usage_details>
      </memory_area>
      <memory_area display="yes" color="green">
         <name>RAMGS2</name>
         <page_id>0x1</page_id>
         <origin>0xe000</origin>
         <length>0x1000</length>
         <used_space>0x0</used_space>
         <unused_space>0x1000</unused_space>
         <attributes>RWIX</attributes>
         <usage_details>
         </usage_details>
      </memory_area>
      <memory_area display="yes" color="green">
         <name>RAMGS3</name>
         <page_id>0x1</page_id>
         <origin>0xf000</origin>
         <length>0x1000</length>
         <used_space>0x0</used_space>
         <unused_space>0x1000</unused_space>
         <attributes>RWIX</attributes>
         <usage_details>
         </usage_details>
      </memory_area>
      <memory_area display="yes" color="green">
         <name>RAMGS4</name>
         <page_id>0x1</page_id>
         <origin>0x10000</origin>
         <length>0x1000</length>
         <used_space>0x0</used_space>
         <unused_space>0x1000</unused_space>
         <attributes>RWIX</attributes>
         <usage_details>
         </usage_details>
      </memory_area>
      <memory_area display="yes" color="green">
         <name>RAMGS5</name>
         <page_id>0x1</page_id>
         <origin>0x11000</origin>
         <length>0x1000</length>
         <used_space>0x0</used_space>
         <unused_space>0x1000</unused_space>
         <attributes>RWIX</attributes>
         <usage_details>
         </usage_details>
      </memory_area>
      <memory_area display="yes" color="green">
         <name>RAMGS6</name>
         <page_id>0x1</page_id>
         <origin>0x12000</origin>
         <length>0x1000</length>
         <used_space>0x0</used_space>
         <unused_space>0x1000</unused_space>
         <attributes>RWIX</attributes>
         <usage_details>
         </usage_details>
      </memory_area>
      <memory_area display="yes" color="green">
         <name>RAMGS7</name>
         <page_id>0x1</page_id>
         <origin>0x13000</origin>
         <length>0x1000</length>
         <used_space>0x0</used_space>
         <unused_space>0x1000</unused_space>
         <attributes>RWIX</attributes>
         <usage_details>
         </usage_details>
      </memory_area>
      <memory_area display="yes" color="green">
         <name>RAMGS8</name>
         <page_id>0x1</page_id>
         <origin>0x14000</origin>
         <length>0x1000</length>
         <used_space>0x0</used_space>
         <unused_space>0x1000</unused_space>
         <attributes>RWIX</attributes>
         <usage_details>
         </usage_details>
      </memory_area>
      <memory_area display="yes" color="green">
         <name>RAMGS9</name>
         <page_id>0x1</page_id>
         <origin>0x15000</origin>
         <length>0x1000</length>
         <used_space>0x0</used_space>
         <unused_space>0x1000</unused_space>
         <attributes>RWIX</attributes>
         <usage_details>
         </usage_details>
      </memory_area>
      <memory_area display="yes" color="green">
         <name>RAMGS10</name>
         <page_id>0x1</page_id>
         <origin>0x16000</origin>
         <length>0x1000</length>
         <used_space>0x0</used_space>
         <unused_space>0x1000</unused_space>
         <attributes>RWIX</attributes>
         <usage_details>
         </usage_details>
      </memory_area>
      <memory_area display="yes" color="green">
         <name>RAMGS11</name>
         <page_id>0x1</page_id>
         <origin>0x17000</origin>
         <length>0x1000</length>
         <used_space>0x0</used_space>
         <unused_space>0x1000</unused_space>
         <attributes>RWIX</attributes>
         <usage_details>
         </usage_details>
      </memory_area>
      <memory_area display="yes" color="green">
         <name>RAMGS12</name>
         <page_id>0x1</page_id>
         <origin>0x18000</origin>
         <length>0x1000</length>
         <used_space>0x0</used_space>
         <unused_space>0x1000</unused_space>
         <attributes>RWIX</attributes>
         <usage_details>
         </usage_details>
      </memory_area>
      <memory_area display="yes" color="green">
         <name>RAMGS13</name>
         <page_id>0x1</page_id>
         <origin>0x19000</origin>
         <length>0x1000</length>
         <used_space>0x0</used_space>
         <unused_space>0x1000</unused_space>
         <attributes>RWIX</attributes>
         <usage_details>
         </usage_details>
      </memory_area>
      <memory_area display="yes" color="green">
         <name>CPU2TOCPU1RAM</name>
         <page_id>0x1</page_id>
         <origin>0x3f800</origin>
         <length>0x400</length>
         <used_space>0x0</used_space>
         <unused_space>0x400</unused_space>
         <attributes>RWIX</attributes>
         <usage_details>
         </usage_details>
      </memory_area>
      <memory_area display="yes" color="green">
         <name>CPU1TOCPU2RAM</name>
         <page_id>0x1</page_id>
         <origin>0x3fc00</origin>
         <length>0x400</length>
         <used_space>0x0</used_space>
         <unused_space>0x400</unused_space>
         <attributes>RWIX</attributes>
         <usage_details>
         </usage_details>
      </memory_area>
   </placement_map>
   <cptbl_list>
      <cptbl>
         <name>__TI_cinit_table</name>
         <cprec>
            <name>.data</name>
            <load_address>0x830e0</load_address>
            <load_size>0xa</load_size>
            <run_address>0xa800</run_address>
            <run_size>0x10</run_size>
            <compression>lzss</compression>
         </cprec>
         <cprec>
            <name>.bss</name>
            <load_address>0x830f0</load_address>
            <load_size>0x4</load_size>
            <run_address>0xa810</run_address>
            <run_size>0x2</run_size>
            <compression>zero_init</compression>
         </cprec>
      </cptbl>
   </cptbl_list>
   <handler_table>
      <handler_table_name>__TI_handler_table</handler_table_name>
      <handler>
         <index>0x0</index>
         <name>__TI_zero_init</name>
      </handler>
      <handler>
         <index>0x1</index>
         <name>__TI_decompress_lzss</name>
      </handler>
      <handler>
         <index>0x2</index>
         <name>__TI_decompress_none</name>
      </handler>
   </handler_table>
   <symbol_table>
      <symbol id="sm-1">
         <name>RamfuncsLoadStart</name>
         <value>0x86000</value>
      </symbol>
      <symbol id="sm-2">
         <name>RamfuncsLoadSize</name>
         <value>0x128</value>
      </symbol>
      <symbol id="sm-3">
         <name>RamfuncsLoadEnd</name>
         <value>0x86128</value>
      </symbol>
      <symbol id="sm-4">
         <name>RamfuncsRunStart</name>
         <value>0x8000</value>
      </symbol>
      <symbol id="sm-5">
         <name>RamfuncsRunSize</name>
         <value>0x128</value>
      </symbol>
      <symbol id="sm-6">
         <name>RamfuncsRunEnd</name>
         <value>0x8128</value>
      </symbol>
      <symbol id="sm-7">
         <name>__TI_CINIT_Base</name>
         <value>0x830f4</value>
      </symbol>
      <symbol id="sm-8">
         <name>__TI_CINIT_Limit</name>
         <value>0x830fc</value>
      </symbol>
      <symbol id="sm-9">
         <name>__TI_CINIT_Warm</name>
         <value>0x830fc</value>
      </symbol>
      <symbol id="sm-a">
         <name>__TI_Handler_Table_Base</name>
         <value>0x830ea</value>
      </symbol>
      <symbol id="sm-b">
         <name>__TI_Handler_Table_Limit</name>
         <value>0x830f0</value>
      </symbol>
      <symbol id="sm-c">
         <name>__TI_STACK_SIZE</name>
         <value>0x200</value>
      </symbol>
      <symbol id="sm-d">
         <name>__TI_STACK_END</name>
         <value>0x600</value>
      </symbol>
      <symbol id="sm-e">
         <name>__c_args__</name>
         <value>0xffffffff</value>
      </symbol>
      <symbol id="sm-f">
         <name>__TI_pprof_out_hndl</name>
         <value>0xffffffff</value>
      </symbol>
      <symbol id="sm-10">
         <name>__TI_prof_data_start</name>
         <value>0xffffffff</value>
      </symbol>
      <symbol id="sm-11">
         <name>__TI_prof_data_size</name>
         <value>0xffffffff</value>
      </symbol>
      <symbol id="sm-5a">
         <name>errorCount</name>
         <value>0xa811</value>
         <object_component_ref idref="oc-17c"/>
      </symbol>
      <symbol id="sm-5b">
         <name>main</name>
         <value>0x82a61</value>
         <object_component_ref idref="oc-111"/>
      </symbol>
      <symbol id="sm-5c">
         <name>loopCount</name>
         <value>0xa810</value>
         <object_component_ref idref="oc-17c"/>
      </symbol>
      <symbol id="sm-78">
         <name>gpioInterrupt2Handler</name>
         <value>0x82876</value>
         <object_component_ref idref="oc-3c"/>
      </symbol>
      <symbol id="sm-79">
         <name>BSP_IO_exint_setup</name>
         <value>0x8270b</value>
         <object_component_ref idref="oc-3d"/>
      </symbol>
      <symbol id="sm-7a">
         <name>gpioInterrupt4Handler</name>
         <value>0x828dc</value>
         <object_component_ref idref="oc-3c"/>
      </symbol>
      <symbol id="sm-7b">
         <name>gpioInterrupt3Handler</name>
         <value>0x828a7</value>
         <object_component_ref idref="oc-3c"/>
      </symbol>
      <symbol id="sm-7c">
         <name>BSP_IO_gpio_setup</name>
         <value>0x8263d</value>
         <object_component_ref idref="oc-3d"/>
      </symbol>
      <symbol id="sm-7d">
         <name>gpioInterrupt1Handler</name>
         <value>0x82845</value>
         <object_component_ref idref="oc-3c"/>
      </symbol>
      <symbol id="sm-93">
         <name>BSP_SCI_mySCI1_init</name>
         <value>0x8280a</value>
         <object_component_ref idref="oc-176"/>
      </symbol>
      <symbol id="sm-94">
         <name>BSP_SCI_PinMux_init</name>
         <value>0x827e8</value>
         <object_component_ref idref="oc-176"/>
      </symbol>
      <symbol id="sm-95">
         <name>BSP_SCI_init</name>
         <value>0x82807</value>
         <object_component_ref idref="oc-176"/>
      </symbol>
      <symbol id="sm-a4">
         <name>code_start</name>
         <value>0x80000</value>
         <object_component_ref idref="oc-48"/>
      </symbol>
      <symbol id="sm-d1">
         <name>Device_enableAllPeripherals</name>
         <value>0x820cb</value>
         <object_component_ref idref="oc-128"/>
      </symbol>
      <symbol id="sm-d2">
         <name>Device_initGPIO</name>
         <value>0x821b6</value>
         <object_component_ref idref="oc-128"/>
      </symbol>
      <symbol id="sm-d3">
         <name>Example_Fail</name>
         <value>0xa804</value>
         <object_component_ref idref="oc-1a5"/>
      </symbol>
      <symbol id="sm-d4">
         <name>Example_setResultFail</name>
         <value>0x823d4</value>
         <object_component_ref idref="oc-128"/>
      </symbol>
      <symbol id="sm-d5">
         <name>Device_bootCPU2</name>
         <value>0x8224e</value>
         <object_component_ref idref="oc-128"/>
      </symbol>
      <symbol id="sm-d6">
         <name>Device_init</name>
         <value>0x8209a</value>
         <object_component_ref idref="oc-128"/>
      </symbol>
      <symbol id="sm-d7">
         <name>Example_Result</name>
         <value>0xa800</value>
         <object_component_ref idref="oc-1a5"/>
      </symbol>
      <symbol id="sm-d8">
         <name>Device_enableUnbondedGPIOPullups</name>
         <value>0x82207</value>
         <object_component_ref idref="oc-128"/>
      </symbol>
      <symbol id="sm-d9">
         <name>__error__</name>
         <value>0x823c8</value>
         <object_component_ref idref="oc-128"/>
      </symbol>
      <symbol id="sm-da">
         <name>Example_setResultPass</name>
         <value>0x823cf</value>
         <object_component_ref idref="oc-128"/>
      </symbol>
      <symbol id="sm-db">
         <name>Device_configureTMXAnalogTrim</name>
         <value>0x8221d</value>
         <object_component_ref idref="oc-128"/>
      </symbol>
      <symbol id="sm-dc">
         <name>Device_enableUnbondedGPIOPullupsFor176Pin</name>
         <value>0x821d7</value>
         <object_component_ref idref="oc-128"/>
      </symbol>
      <symbol id="sm-dd">
         <name>Example_done</name>
         <value>0x823d9</value>
         <object_component_ref idref="oc-128"/>
      </symbol>
      <symbol id="sm-de">
         <name>Example_PassCount</name>
         <value>0xa802</value>
         <object_component_ref idref="oc-1a5"/>
      </symbol>
      <symbol id="sm-df">
         <name>Device_enableUnbondedGPIOPullupsFor100Pin</name>
         <value>0x821ea</value>
         <object_component_ref idref="oc-128"/>
      </symbol>
      <symbol id="sm-159">
         <name>Flash_initModule</name>
         <value>0x8000</value>
         <object_component_ref idref="oc-193"/>
      </symbol>
      <symbol id="sm-1bf">
         <name>GPIO_setQualificationMode</name>
         <value>0x82d03</value>
         <object_component_ref idref="oc-ae"/>
      </symbol>
      <symbol id="sm-1c0">
         <name>GPIO_setPadConfig</name>
         <value>0x82b02</value>
         <object_component_ref idref="oc-9c"/>
      </symbol>
      <symbol id="sm-1c1">
         <name>GPIO_setInterruptPin</name>
         <value>0x82d71</value>
         <object_component_ref idref="oc-b4"/>
      </symbol>
      <symbol id="sm-1c2">
         <name>GPIO_setDirectionMode</name>
         <value>0x82da5</value>
         <object_component_ref idref="oc-a2"/>
      </symbol>
      <symbol id="sm-1c3">
         <name>GPIO_setQualificationPeriod</name>
         <value>0x82c5c</value>
         <object_component_ref idref="oc-a8"/>
      </symbol>
      <symbol id="sm-1c4">
         <name>GPIO_setPinConfig</name>
         <value>0x82ccc</value>
         <object_component_ref idref="oc-96"/>
      </symbol>
      <symbol id="sm-1c5">
         <name>GPIO_setControllerCore</name>
         <value>0x82c95</value>
         <object_component_ref idref="oc-90"/>
      </symbol>
      <symbol id="sm-214">
         <name>Interrupt_defaultHandler</name>
         <value>0x82f96</value>
         <object_component_ref idref="oc-4d"/>
      </symbol>
      <symbol id="sm-215">
         <name>Interrupt_initModule</name>
         <value>0x82c1f</value>
         <object_component_ref idref="oc-170"/>
      </symbol>
      <symbol id="sm-216">
         <name>Interrupt_nmiHandler</name>
         <value>0x830a9</value>
         <object_component_ref idref="oc-5f"/>
      </symbol>
      <symbol id="sm-217">
         <name>Interrupt_enable</name>
         <value>0x82d3a</value>
         <object_component_ref idref="oc-ba"/>
      </symbol>
      <symbol id="sm-218">
         <name>Interrupt_initVectorTable</name>
         <value>0x82ee5</value>
         <object_component_ref idref="oc-52"/>
      </symbol>
      <symbol id="sm-219">
         <name>Interrupt_illegalOperationHandler</name>
         <value>0x8309f</value>
         <object_component_ref idref="oc-59"/>
      </symbol>
      <symbol id="sm-25d">
         <name>SCI_clearInterruptStatus</name>
         <value>0x82b9c</value>
         <object_component_ref idref="oc-1bb"/>
      </symbol>
      <symbol id="sm-25e">
         <name>SCI_setConfig</name>
         <value>0x82be1</value>
         <object_component_ref idref="oc-1c1"/>
      </symbol>
      <symbol id="sm-322">
         <name>SysCtl_delay</name>
         <value>0x8124</value>
         <object_component_ref idref="oc-229"/>
      </symbol>
      <symbol id="sm-323">
         <name>SysCtl_getDeviceParametric</name>
         <value>0x82a9a</value>
         <object_component_ref idref="oc-199"/>
      </symbol>
      <symbol id="sm-324">
         <name>SysCtl_selectXTAL</name>
         <value>0x8290e</value>
         <object_component_ref idref="oc-274"/>
      </symbol>
      <symbol id="sm-325">
         <name>SysCtl_selectOscSource</name>
         <value>0x82b54</value>
         <object_component_ref idref="oc-223"/>
      </symbol>
      <symbol id="sm-326">
         <name>SysCtl_setClock</name>
         <value>0x823da</value>
         <object_component_ref idref="oc-19f"/>
      </symbol>
      <symbol id="sm-330">
         <name>_c_int00</name>
         <value>0x82f7f</value>
         <object_component_ref idref="oc-31"/>
      </symbol>
      <symbol id="sm-331">
         <name>__stack</name>
         <value>0x400</value>
         <object_component_ref idref="oc-65"/>
      </symbol>
      <symbol id="sm-33e">
         <name>__c28xabi_divf</name>
         <value>0x8299e</value>
         <object_component_ref idref="oc-230"/>
      </symbol>
      <symbol id="sm-350">
         <name>memcpy</name>
         <value>0x82ea6</value>
         <object_component_ref idref="oc-68"/>
      </symbol>
      <symbol id="sm-35d">
         <name>_system_pre_init</name>
         <value>0x830dc</value>
         <object_component_ref idref="oc-7c"/>
      </symbol>
      <symbol id="sm-36c">
         <name>__TI_auto_init_nobinit_nopinit</name>
         <value>0x82e04</value>
         <object_component_ref idref="oc-e1"/>
      </symbol>
      <symbol id="sm-37b">
         <name>__TI_zero_init_nomemset</name>
         <value>0x83087</value>
         <object_component_ref idref="oc-70"/>
      </symbol>
      <symbol id="sm-388">
         <name>__TI_decompress_none</name>
         <value>0x830cd</value>
         <object_component_ref idref="oc-2a"/>
      </symbol>
      <symbol id="sm-39c">
         <name>__TI_decompress_lzss</name>
         <value>0x82dd6</value>
         <object_component_ref idref="oc-24"/>
      </symbol>
      <symbol id="sm-3b2">
         <name>C$$EXIT</name>
         <value>0x82e2f</value>
         <object_component_ref idref="oc-89"/>
      </symbol>
      <symbol id="sm-3b3">
         <name>abort</name>
         <value>0x82e2f</value>
         <object_component_ref idref="oc-89"/>
      </symbol>
      <symbol id="sm-3b4">
         <name>exit</name>
         <value>0x82e31</value>
         <object_component_ref idref="oc-89"/>
      </symbol>
      <symbol id="sm-3b5">
         <name>__TI_dtors_ptr</name>
         <value>0xa80a</value>
         <object_component_ref idref="oc-119"/>
      </symbol>
      <symbol id="sm-3b6">
         <name>__TI_cleanup_ptr</name>
         <value>0xa808</value>
         <object_component_ref idref="oc-119"/>
      </symbol>
      <symbol id="sm-3b7">
         <name>__TI_enable_exit_profile_output</name>
         <value>0xa806</value>
         <object_component_ref idref="oc-119"/>
      </symbol>
      <symbol id="sm-3ce">
         <name>_nop</name>
         <value>0x830c4</value>
         <object_component_ref idref="oc-186"/>
      </symbol>
      <symbol id="sm-3cf">
         <name>_lock</name>
         <value>0xa80c</value>
         <object_component_ref idref="oc-11c"/>
      </symbol>
      <symbol id="sm-3d0">
         <name>_unlock</name>
         <value>0xa80e</value>
         <object_component_ref idref="oc-1ce"/>
      </symbol>
      <symbol id="sm-3d1">
         <name>_register_lock</name>
         <value>0x830c0</value>
         <object_component_ref idref="oc-186"/>
      </symbol>
      <symbol id="sm-3d2">
         <name>_register_unlock</name>
         <value>0x830bc</value>
         <object_component_ref idref="oc-186"/>
      </symbol>
      <symbol id="sm-3e1">
         <name>_args_main</name>
         <value>0x8300d</value>
         <object_component_ref idref="oc-83"/>
      </symbol>
      <symbol id="sm-3f0">
         <name>_system_post_cinit</name>
         <value>0x830de</value>
         <object_component_ref idref="oc-15b"/>
      </symbol>
   </symbol_table>
   <title>Link successful</title>
</link_info>
